******************************************************************************
            TI ARM Clang Linker PC v4.0.4                      
******************************************************************************
>> Linked Sun Jun 28 17:34:22 2026

OUTPUT FILE NAME:   <empty1.out>
ENTRY POINT SYMBOL: "_c_int00_noargs"  address: 00003049


MEMORY CONFIGURATION

         name            origin    length      used     unused   attr    fill
----------------------  --------  ---------  --------  --------  ----  --------
  FLASH                 00000000   00020000  00003528  0001cad8  R  X
  SRAM                  20200000   00008000  000002ab  00007d55  RW X
  BCR_CONFIG            41c00000   000000ff  00000000  000000ff  R   
  BSL_CONFIG            41c00100   00000080  00000000  00000080  R   


SEGMENT ALLOCATION MAP

run origin  load origin   length   init length attrs members
----------  ----------- ---------- ----------- ----- -------
00000000    00000000    00003528   00003528    r-x
  00000000    00000000    000000c0   000000c0    r-- .intvecs
  000000c0    000000c0    00003230   00003230    r-x .text
  000032f0    000032f0    00000200   00000200    r-- .rodata
  000034f0    000034f0    00000038   00000038    r-- .cinit
20200000    20200000    000000ab   00000000    rw-
  20200000    20200000    00000084   00000000    rw- .bss
  20200084    20200084    00000027   00000000    rw- .data
20207e00    20207e00    00000200   00000000    rw-
  20207e00    20207e00    00000200   00000000    rw- .stack


SECTION ALLOCATION MAP

 output                                  attributes/
section   page    origin      length       input sections
--------  ----  ----------  ----------   ----------------
.intvecs   0    00000000    000000c0     
                  00000000    000000c0     startup_mspm0g350x_ticlang.o (.intvecs)

.text      0    000000c0    00003230     
                  000000c0    000009d0     libc.a : _printfi.c.obj (.text:__TI_printfi)
                  00000a90    00000378     empty.o (.text.main)
                  00000e08    00000228     uart_debug.o (.text.uart_debug_printf)
                  00001030    00000220     libc.a : _printfi.c.obj (.text._pconv_a)
                  00001250    000001dc            : _printfi.c.obj (.text._pconv_g)
                  0000142c    00000192     libclang_rt.builtins.a : adddf3.S.obj (.text.adddf3_subdf3)
                  000015be    00000002     startup_mspm0g350x_ticlang.o (.text.Default_Handler)
                  000015c0    0000013c     libc.a : _printfi.c.obj (.text.fcvt)
                  000016fc    00000120            : _printfi.c.obj (.text._pconv_e)
                  0000181c    0000011c     grayscale.o (.text.grayscale_get_error)
                  00001938    0000011c     motor.o (.text.motor_init)
                  00001a54    0000010c     libclang_rt.builtins.a : divdf3.S.obj (.text.__divdf3)
                  00001b60    00000104     driverlib.a : dl_timer.o (.text.DL_Timer_initFourCCPWMMode)
                  00001c64    00000104     encoder.o (.text.GROUP1_IRQHandler)
                  00001d68    000000fc     driverlib.a : dl_timer.o (.text.DL_Timer_initTimerMode)
                  00001e64    000000e4     libclang_rt.builtins.a : muldf3.S.obj (.text.__muldf3)
                  00001f48    000000dc     pid.o (.text.pid_calculate)
                  00002024    000000d8     libc.a : s_scalbn.c.obj (.text.scalbn)
                  000020fc    000000d8     libclang_rt.builtins.a : addsf3.S.obj (.text)
                  000021d4    000000a2                            : udivmoddi4.S.obj (.text)
                  00002276    00000002                            : aeabi_div0.c.obj (.text.__aeabi_idiv0)
                  00002278    0000009c     motor.o (.text.motor_set_both)
                  00002314    0000009a     libc.a : memcpy16.S.obj (.text:memcpy)
                  000023ae    00000002     libclang_rt.builtins.a : aeabi_div0.c.obj (.text.__aeabi_ldiv0)
                  000023b0    00000098     ti_msp_dl_config.o (.text.SYSCFG_DL_GPIO_init)
                  00002448    0000008c     libclang_rt.builtins.a : mulsf3.S.obj (.text.__mulsf3)
                  000024d4    00000082                            : divsf3.S.obj (.text.__divsf3)
                  00002556    00000002     --HOLE-- [fill = 0]
                  00002558    0000007c     libc.a : copy_decompress_lzss.c.obj (.text:decompress:lzss)
                  000025d4    00000074     libclang_rt.builtins.a : comparedf2.c.obj (.text.__gedf2)
                  00002648    00000068                            : comparedf2.c.obj (.text.__ledf2)
                  000026b0    00000066     libc.a : _printfi.c.obj (.text._mcpy)
                  00002716    00000002     --HOLE-- [fill = 0]
                  00002718    00000062     libclang_rt.builtins.a : aeabi_dcmp.S.obj (.text.__aeabi_dcmp)
                  0000277a    00000002     --HOLE-- [fill = 0]
                  0000277c    00000062                            : aeabi_fcmp.S.obj (.text.__aeabi_fcmp)
                  000027de    00000062     libc.a : memset16.S.obj (.text:memset)
                  00002840    00000060     ti_msp_dl_config.o (.text.SYSCFG_DL_Debug_UART_init)
                  000028a0    00000060     ti_msp_dl_config.o (.text.SYSCFG_DL_Grayscale_ADC_init)
                  00002900    0000005c     board.o (.text.delay_ms)
                  0000295c    0000005c     libc.a : s_frexp.c.obj (.text.frexp)
                  000029b8    00000058            : _ltoa.c.obj (.text.__TI_ltoa)
                  00002a10    00000058            : _printfi.c.obj (.text._pconv_f)
                  00002a68    00000058     grayscale.o (.text.grayscale_init)
                  00002ac0    00000058     grayscale.o (.text.grayscale_read_all)
                  00002b18    00000056     libclang_rt.builtins.a : aeabi_idivmod.S.obj (.text.__aeabi_idivmod)
                  00002b6e    00000052     libc.a : _printfi.c.obj (.text._ecpy)
                  00002bc0    00000050     ti_msp_dl_config.o (.text.SYSCFG_DL_PID_Timer_init)
                  00002c10    0000004c     libc.a : snprintf.c.obj (.text.snprintf)
                  00002c5c    0000004a     libclang_rt.builtins.a : fixdfsi.S.obj (.text.__fixdfsi)
                  00002ca6    00000002     --HOLE-- [fill = 0]
                  00002ca8    00000048     driverlib.a : dl_uart.o (.text.DL_UART_init)
                  00002cf0    00000048     ti_msp_dl_config.o (.text.SYSCFG_DL_initPower)
                  00002d38    00000040     driverlib.a : dl_adc12.o (.text.DL_ADC12_setClockConfig)
                  00002d78    00000040     libclang_rt.builtins.a : aeabi_uidivmod.S.obj (.text.__aeabi_uidivmod)
                  00002db8    00000040     libc.a : atoi.c.obj (.text.atoi)
                  00002df8    0000003c     libclang_rt.builtins.a : floatsisf.S.obj (.text.__floatsisf)
                  00002e34    0000003c                            : comparesf2.S.obj (.text.__gtsf2)
                  00002e70    0000003c     libc.a : autoinit.c.obj (.text:__TI_auto_init_nobinit_nopinit)
                  00002eac    0000003a     libclang_rt.builtins.a : comparesf2.S.obj (.text.__eqsf2)
                  00002ee6    00000002     --HOLE-- [fill = 0]
                  00002ee8    0000003a                            : muldsi3.S.obj (.text.__muldsi3)
                  00002f22    00000002     --HOLE-- [fill = 0]
                  00002f24    00000038                            : fixsfsi.S.obj (.text.__fixsfsi)
                  00002f5c    00000030     driverlib.a : dl_uart.o (.text.DL_UART_transmitDataBlocking)
                  00002f8c    00000030     ti_msp_dl_config.o (.text.SYSCFG_DL_SYSCTL_init)
                  00002fbc    00000030     libc.a : _printfi.c.obj (.text._fcpy)
                  00002fec    00000030            : snprintf.c.obj (.text._outs)
                  0000301c    0000002c     libclang_rt.builtins.a : floatsidf.S.obj (.text.__floatsidf)
                  00003048    00000028     libc.a : boot_cortex_m.c.obj (.text:_c_int00_noargs)
                  00003070    00000024     libclang_rt.builtins.a : muldi3.S.obj (.text.__muldi3)
                  00003094    00000022     libc.a : memccpy.c.obj (.text.memccpy)
                  000030b6    00000002     --HOLE-- [fill = 0]
                  000030b8    0000001e     libclang_rt.builtins.a : ashldi3.S.obj (.text.__ashldi3)
                  000030d6    00000002     --HOLE-- [fill = 0]
                  000030d8    0000001c     driverlib.a : dl_timer.o (.text.DL_Timer_setCaptCompUpdateMethod)
                  000030f4    0000001c                 : dl_timer.o (.text.DL_Timer_setClockConfig)
                  00003110    0000001c     ti_msp_dl_config.o (.text.SYSCFG_DL_init)
                  0000312c    0000001c     empty.o (.text.TIMG12_IRQHandler)
                  00003148    0000001c     uart_debug.o (.text.uart_debug_init)
                  00003164    0000001a     pid.o (.text.pid_init)
                  0000317e    00000002     --HOLE-- [fill = 0]
                  00003180    00000018     driverlib.a : dl_timer.o (.text.DL_Timer_setCaptureCompareOutCtl)
                  00003198    00000018     libc.a : snprintf.c.obj (.text._outc)
                  000031b0    00000016            : copy_zero_init.c.obj (.text:decompress:ZI:__TI_zero_init_nomemset)
                  000031c6    00000002     --HOLE-- [fill = 0]
                  000031c8    00000014     libclang_rt.builtins.a : aeabi_uldivmod.S.obj (.text.__aeabi_uldivmod)
                  000031dc    00000014     libc.a : _printfi.c.obj (.text.strchr)
                  000031f0    00000012     driverlib.a : dl_uart.o (.text.DL_UART_setClockConfig)
                  00003202    00000012     libc.a : copy_decompress_none.c.obj (.text:decompress:none)
                  00003214    00000010     driverlib.a : dl_timer.o (.text.DL_Timer_setCaptureCompareValue)
                  00003224    00000010     encoder.o (.text.encoder_get_left_speed)
                  00003234    00000010     encoder.o (.text.encoder_get_right_speed)
                  00003244    00000010     pid.o (.text.pid_reset)
                  00003254    00000010     libc.a : wcslen.c.obj (.text.wcslen)
                  00003264    0000000e     libclang_rt.builtins.a : aeabi_memset.S.obj (.text.__aeabi_memset)
                  00003272    0000000e     libc.a : _printfi.c.obj (.text.strlen)
                  00003280    0000000c     encoder.o (.text.encoder_init)
                  0000328c    0000000c     grayscale.o (.text.grayscale_is_line_lost)
                  00003298    0000000a     driverlib.a : dl_common.o (.text.DL_Common_delayCycles)
                  000032a2    0000000a     libc.a : _printfi.c.obj (.text.OUTLINED_FUNCTION_0)
                  000032ac    00000010     libclang_rt.builtins.a : adddf3.S.obj (.tramp.__aeabi_dsub.1)
                  000032bc    0000000a     libc.a : _printfi.c.obj (.text.OUTLINED_FUNCTION_1)
                  000032c6    00000002     --HOLE-- [fill = 0]
                  000032c8    00000008            : aeabi_portable.c.obj (.text.__aeabi_errno_addr)
                  000032d0    00000008     libclang_rt.builtins.a : aeabi_memcpy.S.obj (.text.__aeabi_memcpy)
                  000032d8    00000006     libc.a : exit.c.obj (.text:abort)
                  000032de    00000004     libsysbm.a : hostexit.c.obj (.text.HOSTexit)
                  000032e2    00000004     startup_mspm0g350x_ticlang.o (.text.Reset_Handler)
                  000032e6    00000004     libc.a : pre_init.c.obj (.text._system_pre_init)
                  000032ea    00000006     --HOLE-- [fill = 0]

.cinit     0    000034f0    00000038     
                  000034f0    0000000f     (.cinit..data.load) [load image, compression = lzss]
                  000034ff    00000001     --HOLE-- [fill = 0]
                  00003500    0000000c     (__TI_handler_table)
                  0000350c    00000008     (.cinit..bss.load) [load image, compression = zero_init]
                  00003514    00000010     (__TI_cinit_table)
                  00003524    00000004     --HOLE-- [fill = 0]

.rodata    0    000032f0    00000200     
                  000032f0    00000101     libc.a : aeabi_ctype.S.obj (.rodata:__aeabi_ctype_table_)
                  000033f1    0000003f     empty.o (.rodata.str1.11898133897667081452.1)
                  00003430    0000001a     empty.o (.rodata.str1.9517790425240694019.1)
                  0000344a    00000017     empty.o (.rodata.str1.14685083708502177989.1)
                  00003461    00000016     empty.o (.rodata.str1.254342170260855183.1)
                  00003477    00000001     --HOLE-- [fill = 0]
                  00003478    00000014     ti_msp_dl_config.o (.rodata.gPID_TimerTimerConfig)
                  0000348c    00000011     libc.a : _printfi.c.obj (.rodata.str1.10348868589481759720.1)
                  0000349d    00000011            : _printfi.c.obj (.rodata.str1.15363888844622738466.1)
                  000034ae    0000000a     ti_msp_dl_config.o (.rodata.gDebug_UARTConfig)
                  000034b8    00000008     ti_msp_dl_config.o (.rodata.gGrayscale_ADCClockConfig)
                  000034c0    00000008     motor.o (.rodata.gMotorAPWMConfig)
                  000034c8    00000008     motor.o (.rodata.gMotorBPWMConfig)
                  000034d0    00000006     empty.o (.rodata.str1.17669528882079347314.1)
                  000034d6    00000005     uart_debug.o (.rodata.str1.14679545761258526885.1)
                  000034db    00000003     motor.o (.rodata.gMotorAClockConfig)
                  000034de    00000003     motor.o (.rodata.gMotorBClockConfig)
                  000034e1    00000003     ti_msp_dl_config.o (.rodata.gPID_TimerClockConfig)
                  000034e4    00000003     uart_debug.o (.rodata.str1.17888928155744814288.1)
                  000034e7    00000003     uart_debug.o (.rodata.str1.3935519513719108639.1)
                  000034ea    00000003     uart_debug.o (.rodata.str1.9809578132110814694.1)
                  000034ed    00000002     ti_msp_dl_config.o (.rodata.gDebug_UARTClockConfig)
                  000034ef    00000001     --HOLE-- [fill = 0]

.init_array 
*          0    00000000    00000000     UNINITIALIZED

.binit     0    00000000    00000000     

.bss       0    20200000    00000084     UNINITIALIZED
                  20200000    0000002c     empty.o (.bss.left_speed_pid)
                  2020002c    0000002c     empty.o (.bss.line_pid)
                  20200058    0000002c     empty.o (.bss.right_speed_pid)

.data      0    20200084    00000027     UNINITIALIZED
                  20200084    00000006     grayscale.o (.data.grayscale_threshold)
                  2020008a    00000006     grayscale.o (.data.grayscale_value)
                  20200090    00000004     libc.a : aeabi_portable.c.obj (.data.__aeabi_errno)
                  20200094    00000004     empty.o (.data.debug_counter)
                  20200098    00000004     encoder.o (.data.encoder_left_count)
                  2020009c    00000004     encoder.o (.data.encoder_right_count)
                  202000a0    00000004     grayscale.o (.data.peak_direction)
                  202000a4    00000004     grayscale.o (.data.prev_error)
                  202000a8    00000001     grayscale.o (.data.line_lost)
                  202000a9    00000001     empty.o (.data.pid_update_flag)
                  202000aa    00000001     grayscale.o (.data.recovery_hold)

.stack     0    20207e00    00000200     UNINITIALIZED
                  20207e00    00000004     libc.a : boot_cortex_m.c.obj (.stack)
                  20207e04    000001fc     --HOLE--

__llvm_prf_cnts 
*          0    20200000    00000000     UNINITIALIZED

__llvm_prf_bits 
*          0    20200000    00000000     UNINITIALIZED

MODULE SUMMARY

       Module                         code    ro data   rw data
       ------                         ----    -------   -------
    .\
       empty.o                        916     140       137    
       ti_msp_dl_config.o             572     43        0      
       uart_debug.o                   580     14        0      
       grayscale.o                    472     0         22     
       pid.o                          262     0         0      
       startup_mspm0g350x_ticlang.o   6       192       0      
       board.o                        92      0         0      
    +--+------------------------------+-------+---------+---------+
       Total:                         2900    389       159    
                                                               
    .\motor\
       motor.o                        440     22        0      
       encoder.o                      304     0         8      
    +--+------------------------------+-------+---------+---------+
       Total:                         744     22        8      
                                                               
    D:/ccs/mspm0_sdk_2_10_00_04/source/ti/driverlib/lib/ticlang/m0p/mspm0g1x0x_g3x0x/driverlib.a
       dl_timer.o                     608     0         0      
       dl_uart.o                      138     0         0      
       dl_adc12.o                     64      0         0      
       dl_common.o                    10      0         0      
    +--+------------------------------+-------+---------+---------+
       Total:                         820     0         0      
                                                               
    D:\ccs\ccs\tools\compiler\ti-cgt-armllvm_4.0.4.LTS\lib\armv6m-ti-none-eabi/c/libc.a
       _printfi.c.obj                 4510    34        0      
       aeabi_ctype.S.obj              0       257       0      
       s_scalbn.c.obj                 216     0         0      
       memcpy16.S.obj                 154     0         0      
       snprintf.c.obj                 148     0         0      
       copy_decompress_lzss.c.obj     124     0         0      
       memset16.S.obj                 98      0         0      
       s_frexp.c.obj                  92      0         0      
       _ltoa.c.obj                    88      0         0      
       atoi.c.obj                     64      0         0      
       autoinit.c.obj                 60      0         0      
       boot_cortex_m.c.obj            40      0         0      
       memccpy.c.obj                  34      0         0      
       copy_zero_init.c.obj           22      0         0      
       copy_decompress_none.c.obj     18      0         0      
       wcslen.c.obj                   16      0         0      
       aeabi_portable.c.obj           8       0         4      
       exit.c.obj                     6       0         0      
       pre_init.c.obj                 4       0         0      
    +--+------------------------------+-------+---------+---------+
       Total:                         5702    291       4      
                                                               
    D:\ccs\ccs\tools\compiler\ti-cgt-armllvm_4.0.4.LTS\lib\armv6m-ti-none-eabi/c/libsysbm.a
       hostexit.c.obj                 4       0         0      
    +--+------------------------------+-------+---------+---------+
       Total:                         4       0         0      
                                                               
    D:\ccs\ccs\tools\compiler\ti-cgt-armllvm_4.0.4.LTS\lib\armv6m-ti-none-eabi/libclang_rt.builtins.a
       adddf3.S.obj                   418     0         0      
       divdf3.S.obj                   268     0         0      
       muldf3.S.obj                   228     0         0      
       comparedf2.c.obj               220     0         0      
       addsf3.S.obj                   216     0         0      
       udivmoddi4.S.obj               162     0         0      
       mulsf3.S.obj                   140     0         0      
       divsf3.S.obj                   130     0         0      
       comparesf2.S.obj               118     0         0      
       aeabi_dcmp.S.obj               98      0         0      
       aeabi_fcmp.S.obj               98      0         0      
       aeabi_idivmod.S.obj            86      0         0      
       fixdfsi.S.obj                  74      0         0      
       aeabi_uidivmod.S.obj           64      0         0      
       floatsisf.S.obj                60      0         0      
       muldsi3.S.obj                  58      0         0      
       fixsfsi.S.obj                  56      0         0      
       floatsidf.S.obj                44      0         0      
       muldi3.S.obj                   36      0         0      
       ashldi3.S.obj                  30      0         0      
       aeabi_uldivmod.S.obj           20      0         0      
       aeabi_memset.S.obj             14      0         0      
       aeabi_memcpy.S.obj             8       0         0      
       aeabi_div0.c.obj               4       0         0      
    +--+------------------------------+-------+---------+---------+
       Total:                         2650    0         0      
                                                               
       Stack:                         0       0         512    
       Linker Generated:              0       51        0      
    +--+------------------------------+-------+---------+---------+
       Grand Total:                   12820   753       683    


LINKER GENERATED COPY TABLES

__TI_cinit_table @ 00003514 records: 2, size/record: 8, table size: 16
	.data: load addr=000034f0, load size=0000000f bytes, run addr=20200084, run size=00000027 bytes, compression=lzss
	.bss: load addr=0000350c, load size=00000008 bytes, run addr=20200000, run size=00000084 bytes, compression=zero_init


LINKER GENERATED HANDLER TABLE

__TI_handler_table @ 00003500 records: 3, size/record: 4, table size: 12
	index: 0, handler: __TI_decompress_lzss
	index: 1, handler: __TI_decompress_none
	index: 2, handler: __TI_zero_init


FAR CALL TRAMPOLINES

callee name               trampoline name
   callee addr  tramp addr   call addr  call info
--------------  -----------  ---------  ----------------
__aeabi_dsub              $Tramp$TT$L$PI$$__aeabi_dsub
   0000142d     000032ac     000032aa   libc.a : _printfi.c.obj (.text.OUTLINED_FUNCTION_0)

[1 trampolines]
[1 trampoline calls]


GLOBAL SYMBOLS: SORTED ALPHABETICALLY BY Name 

address   name                            
-------   ----                            
000015bf  ADC0_IRQHandler                 
000015bf  ADC1_IRQHandler                 
000015bf  AES_IRQHandler                  
000032de  C$$EXIT                         
000015bf  CANFD0_IRQHandler               
000015bf  DAC0_IRQHandler                 
00002d39  DL_ADC12_setClockConfig         
00003299  DL_Common_delayCycles           
00001b61  DL_Timer_initFourCCPWMMode      
00001d69  DL_Timer_initTimerMode          
000030d9  DL_Timer_setCaptCompUpdateMethod
00003181  DL_Timer_setCaptureCompareOutCtl
00003215  DL_Timer_setCaptureCompareValue 
000030f5  DL_Timer_setClockConfig         
00002ca9  DL_UART_init                    
000031f1  DL_UART_setClockConfig          
00002f5d  DL_UART_transmitDataBlocking    
000015bf  DMA_IRQHandler                  
000015bf  Default_Handler                 
000015bf  GROUP0_IRQHandler               
00001c65  GROUP1_IRQHandler               
000032df  HOSTexit                        
000015bf  HardFault_Handler               
000015bf  I2C0_IRQHandler                 
000015bf  I2C1_IRQHandler                 
000015bf  NMI_Handler                     
000015bf  PendSV_Handler                  
000015bf  RTC_IRQHandler                  
000032e3  Reset_Handler                   
000015bf  SPI0_IRQHandler                 
000015bf  SPI1_IRQHandler                 
000015bf  SVC_Handler                     
00002841  SYSCFG_DL_Debug_UART_init       
000023b1  SYSCFG_DL_GPIO_init             
000028a1  SYSCFG_DL_Grayscale_ADC_init    
00002bc1  SYSCFG_DL_PID_Timer_init        
00002f8d  SYSCFG_DL_SYSCTL_init           
00003111  SYSCFG_DL_init                  
00002cf1  SYSCFG_DL_initPower             
000015bf  SysTick_Handler                 
000015bf  TIMA0_IRQHandler                
000015bf  TIMA1_IRQHandler                
000015bf  TIMG0_IRQHandler                
0000312d  TIMG12_IRQHandler               
000015bf  TIMG6_IRQHandler                
000015bf  TIMG7_IRQHandler                
000015bf  TIMG8_IRQHandler                
000015bf  UART0_IRQHandler                
000015bf  UART1_IRQHandler                
000015bf  UART2_IRQHandler                
000015bf  UART3_IRQHandler                
20208000  __STACK_END                     
00000200  __STACK_SIZE                    
00000000  __TI_ATRegion0_region_sz        
00000000  __TI_ATRegion0_src_addr         
00000000  __TI_ATRegion0_trg_addr         
00000000  __TI_ATRegion1_region_sz        
00000000  __TI_ATRegion1_src_addr         
00000000  __TI_ATRegion1_trg_addr         
00000000  __TI_ATRegion2_region_sz        
00000000  __TI_ATRegion2_src_addr         
00000000  __TI_ATRegion2_trg_addr         
00003514  __TI_CINIT_Base                 
00003524  __TI_CINIT_Limit                
00003524  __TI_CINIT_Warm                 
00003500  __TI_Handler_Table_Base         
0000350c  __TI_Handler_Table_Limit        
00002e71  __TI_auto_init_nobinit_nopinit  
00002559  __TI_decompress_lzss            
00003203  __TI_decompress_none            
000029b9  __TI_ltoa                       
ffffffff  __TI_pprof_out_hndl             
000000c1  __TI_printfi                    
ffffffff  __TI_prof_data_size             
ffffffff  __TI_prof_data_start            
00000000  __TI_static_base__              
000031b1  __TI_zero_init_nomemset         
00001437  __adddf3                        
00002107  __addsf3                        
000032f0  __aeabi_ctype_table_            
000032f0  __aeabi_ctype_table_C           
00002c5d  __aeabi_d2iz                    
00001437  __aeabi_dadd                    
00002719  __aeabi_dcmpeq                  
00002755  __aeabi_dcmpge                  
00002769  __aeabi_dcmpgt                  
00002741  __aeabi_dcmple                  
0000272d  __aeabi_dcmplt                  
00001a55  __aeabi_ddiv                    
00001e65  __aeabi_dmul                    
0000142d  __aeabi_dsub                    
20200090  __aeabi_errno                   
000032c9  __aeabi_errno_addr              
00002f25  __aeabi_f2iz                    
00002107  __aeabi_fadd                    
0000277d  __aeabi_fcmpeq                  
000027b9  __aeabi_fcmpge                  
000027cd  __aeabi_fcmpgt                  
000027a5  __aeabi_fcmple                  
00002791  __aeabi_fcmplt                  
000024d5  __aeabi_fdiv                    
00002449  __aeabi_fmul                    
000020fd  __aeabi_fsub                    
0000301d  __aeabi_i2d                     
00002df9  __aeabi_i2f                     
00002b19  __aeabi_idiv                    
00002277  __aeabi_idiv0                   
00002b19  __aeabi_idivmod                 
000023af  __aeabi_ldiv0                   
000030b9  __aeabi_llsl                    
00003071  __aeabi_lmul                    
000032d1  __aeabi_memcpy                  
000032d1  __aeabi_memcpy4                 
000032d1  __aeabi_memcpy8                 
00003265  __aeabi_memset                  
00003265  __aeabi_memset4                 
00003265  __aeabi_memset8                 
00002d79  __aeabi_uidiv                   
00002d79  __aeabi_uidivmod                
000031c9  __aeabi_uldivmod                
000030b9  __ashldi3                       
ffffffff  __binit__                       
00002649  __cmpdf2                        
00002ead  __cmpsf2                        
00001a55  __divdf3                        
000024d5  __divsf3                        
00002649  __eqdf2                         
00002ead  __eqsf2                         
00002c5d  __fixdfsi                       
00002f25  __fixsfsi                       
0000301d  __floatsidf                     
00002df9  __floatsisf                     
000025d5  __gedf2                         
00002e35  __gesf2                         
000025d5  __gtdf2                         
00002e35  __gtsf2                         
00002649  __ledf2                         
00002ead  __lesf2                         
00002649  __ltdf2                         
00002ead  __ltsf2                         
UNDEFED   __mpu_init                      
00001e65  __muldf3                        
00003071  __muldi3                        
00002ee9  __muldsi3                       
00002449  __mulsf3                        
00002649  __nedf2                         
00002ead  __nesf2                         
20207e00  __stack                         
20200000  __start___llvm_prf_bits         
20200000  __start___llvm_prf_cnts         
20200000  __stop___llvm_prf_bits          
20200000  __stop___llvm_prf_cnts          
0000142d  __subdf3                        
000020fd  __subsf3                        
000021d5  __udivmoddi4                    
00003049  _c_int00_noargs                 
UNDEFED   _system_post_cinit              
000032e7  _system_pre_init                
000032d9  abort                           
00002db9  atoi                            
ffffffff  binit                           
00002901  delay_ms                        
00003225  encoder_get_left_speed          
00003235  encoder_get_right_speed         
00003281  encoder_init                    
20200098  encoder_left_count              
2020009c  encoder_right_count             
0000295d  frexp                           
0000295d  frexpl                          
0000181d  grayscale_get_error             
00002a69  grayscale_init                  
0000328d  grayscale_is_line_lost          
00002ac1  grayscale_read_all              
20200084  grayscale_threshold             
2020008a  grayscale_value                 
00000000  interruptVectors                
00002025  ldexp                           
00002025  ldexpl                          
00000a91  main                            
00003095  memccpy                         
00002315  memcpy                          
000027df  memset                          
00001939  motor_init                      
00002279  motor_set_both                  
00001f49  pid_calculate                   
00003165  pid_init                        
00003245  pid_reset                       
00002025  scalbn                          
00002025  scalbnl                         
00002c11  snprintf                        
00003149  uart_debug_init                 
00000e09  uart_debug_printf               
00003255  wcslen                          


GLOBAL SYMBOLS: SORTED BY Symbol Address 

address   name                            
-------   ----                            
00000000  __TI_ATRegion0_region_sz        
00000000  __TI_ATRegion0_src_addr         
00000000  __TI_ATRegion0_trg_addr         
00000000  __TI_ATRegion1_region_sz        
00000000  __TI_ATRegion1_src_addr         
00000000  __TI_ATRegion1_trg_addr         
00000000  __TI_ATRegion2_region_sz        
00000000  __TI_ATRegion2_src_addr         
00000000  __TI_ATRegion2_trg_addr         
00000000  __TI_static_base__              
00000000  interruptVectors                
000000c1  __TI_printfi                    
00000200  __STACK_SIZE                    
00000a91  main                            
00000e09  uart_debug_printf               
0000142d  __aeabi_dsub                    
0000142d  __subdf3                        
00001437  __adddf3                        
00001437  __aeabi_dadd                    
000015bf  ADC0_IRQHandler                 
000015bf  ADC1_IRQHandler                 
000015bf  AES_IRQHandler                  
000015bf  CANFD0_IRQHandler               
000015bf  DAC0_IRQHandler                 
000015bf  DMA_IRQHandler                  
000015bf  Default_Handler                 
000015bf  GROUP0_IRQHandler               
000015bf  HardFault_Handler               
000015bf  I2C0_IRQHandler                 
000015bf  I2C1_IRQHandler                 
000015bf  NMI_Handler                     
000015bf  PendSV_Handler                  
000015bf  RTC_IRQHandler                  
000015bf  SPI0_IRQHandler                 
000015bf  SPI1_IRQHandler                 
000015bf  SVC_Handler                     
000015bf  SysTick_Handler                 
000015bf  TIMA0_IRQHandler                
000015bf  TIMA1_IRQHandler                
000015bf  TIMG0_IRQHandler                
000015bf  TIMG6_IRQHandler                
000015bf  TIMG7_IRQHandler                
000015bf  TIMG8_IRQHandler                
000015bf  UART0_IRQHandler                
000015bf  UART1_IRQHandler                
000015bf  UART2_IRQHandler                
000015bf  UART3_IRQHandler                
0000181d  grayscale_get_error             
00001939  motor_init                      
00001a55  __aeabi_ddiv                    
00001a55  __divdf3                        
00001b61  DL_Timer_initFourCCPWMMode      
00001c65  GROUP1_IRQHandler               
00001d69  DL_Timer_initTimerMode          
00001e65  __aeabi_dmul                    
00001e65  __muldf3                        
00001f49  pid_calculate                   
00002025  ldexp                           
00002025  ldexpl                          
00002025  scalbn                          
00002025  scalbnl                         
000020fd  __aeabi_fsub                    
000020fd  __subsf3                        
00002107  __addsf3                        
00002107  __aeabi_fadd                    
000021d5  __udivmoddi4                    
00002277  __aeabi_idiv0                   
00002279  motor_set_both                  
00002315  memcpy                          
000023af  __aeabi_ldiv0                   
000023b1  SYSCFG_DL_GPIO_init             
00002449  __aeabi_fmul                    
00002449  __mulsf3                        
000024d5  __aeabi_fdiv                    
000024d5  __divsf3                        
00002559  __TI_decompress_lzss            
000025d5  __gedf2                         
000025d5  __gtdf2                         
00002649  __cmpdf2                        
00002649  __eqdf2                         
00002649  __ledf2                         
00002649  __ltdf2                         
00002649  __nedf2                         
00002719  __aeabi_dcmpeq                  
0000272d  __aeabi_dcmplt                  
00002741  __aeabi_dcmple                  
00002755  __aeabi_dcmpge                  
00002769  __aeabi_dcmpgt                  
0000277d  __aeabi_fcmpeq                  
00002791  __aeabi_fcmplt                  
000027a5  __aeabi_fcmple                  
000027b9  __aeabi_fcmpge                  
000027cd  __aeabi_fcmpgt                  
000027df  memset                          
00002841  SYSCFG_DL_Debug_UART_init       
000028a1  SYSCFG_DL_Grayscale_ADC_init    
00002901  delay_ms                        
0000295d  frexp                           
0000295d  frexpl                          
000029b9  __TI_ltoa                       
00002a69  grayscale_init                  
00002ac1  grayscale_read_all              
00002b19  __aeabi_idiv                    
00002b19  __aeabi_idivmod                 
00002bc1  SYSCFG_DL_PID_Timer_init        
00002c11  snprintf                        
00002c5d  __aeabi_d2iz                    
00002c5d  __fixdfsi                       
00002ca9  DL_UART_init                    
00002cf1  SYSCFG_DL_initPower             
00002d39  DL_ADC12_setClockConfig         
00002d79  __aeabi_uidiv                   
00002d79  __aeabi_uidivmod                
00002db9  atoi                            
00002df9  __aeabi_i2f                     
00002df9  __floatsisf                     
00002e35  __gesf2                         
00002e35  __gtsf2                         
00002e71  __TI_auto_init_nobinit_nopinit  
00002ead  __cmpsf2                        
00002ead  __eqsf2                         
00002ead  __lesf2                         
00002ead  __ltsf2                         
00002ead  __nesf2                         
00002ee9  __muldsi3                       
00002f25  __aeabi_f2iz                    
00002f25  __fixsfsi                       
00002f5d  DL_UART_transmitDataBlocking    
00002f8d  SYSCFG_DL_SYSCTL_init           
0000301d  __aeabi_i2d                     
0000301d  __floatsidf                     
00003049  _c_int00_noargs                 
00003071  __aeabi_lmul                    
00003071  __muldi3                        
00003095  memccpy                         
000030b9  __aeabi_llsl                    
000030b9  __ashldi3                       
000030d9  DL_Timer_setCaptCompUpdateMethod
000030f5  DL_Timer_setClockConfig         
00003111  SYSCFG_DL_init                  
0000312d  TIMG12_IRQHandler               
00003149  uart_debug_init                 
00003165  pid_init                        
00003181  DL_Timer_setCaptureCompareOutCtl
000031b1  __TI_zero_init_nomemset         
000031c9  __aeabi_uldivmod                
000031f1  DL_UART_setClockConfig          
00003203  __TI_decompress_none            
00003215  DL_Timer_setCaptureCompareValue 
00003225  encoder_get_left_speed          
00003235  encoder_get_right_speed         
00003245  pid_reset                       
00003255  wcslen                          
00003265  __aeabi_memset                  
00003265  __aeabi_memset4                 
00003265  __aeabi_memset8                 
00003281  encoder_init                    
0000328d  grayscale_is_line_lost          
00003299  DL_Common_delayCycles           
000032c9  __aeabi_errno_addr              
000032d1  __aeabi_memcpy                  
000032d1  __aeabi_memcpy4                 
000032d1  __aeabi_memcpy8                 
000032d9  abort                           
000032de  C$$EXIT                         
000032df  HOSTexit                        
000032e3  Reset_Handler                   
000032e7  _system_pre_init                
000032f0  __aeabi_ctype_table_            
000032f0  __aeabi_ctype_table_C           
00003500  __TI_Handler_Table_Base         
0000350c  __TI_Handler_Table_Limit        
00003514  __TI_CINIT_Base                 
00003524  __TI_CINIT_Limit                
00003524  __TI_CINIT_Warm                 
20200000  __start___llvm_prf_bits         
20200000  __start___llvm_prf_cnts         
20200000  __stop___llvm_prf_bits          
20200000  __stop___llvm_prf_cnts          
20200084  grayscale_threshold             
2020008a  grayscale_value                 
20200090  __aeabi_errno                   
20200098  encoder_left_count              
2020009c  encoder_right_count             
20207e00  __stack                         
20208000  __STACK_END                     
ffffffff  __TI_pprof_out_hndl             
ffffffff  __TI_prof_data_size             
ffffffff  __TI_prof_data_start            
ffffffff  __binit__                       
ffffffff  binit                           
UNDEFED   __mpu_init                      
UNDEFED   _system_post_cinit              

[193 symbols]
