<?xml version="1.0" encoding="ISO-8859-1" ?>
<link_info>
   <banner>TI ARM Clang Linker PC v4.0.4.LTS</banner>
   <copyright>Copyright (c) 1996-2018 Texas Instruments Incorporated</copyright>
   <command_line>D:\ccs\ccs\tools\compiler\ti-cgt-armllvm_4.0.4.LTS\bin\tiarmlnk -ID:\ccs\ccs\tools\compiler\ti-cgt-armllvm_4.0.4.LTS\lib -o empty1.out -mempty1.map -iD:/ccs/mspm0_sdk_2_10_00_04/source -iD:/workspace/empty1 -iD:/workspace/empty1/Debug/syscfg -iD:/ccs/ccs/tools/compiler/ti-cgt-armllvm_4.0.4.LTS/lib --diag_wrap=off --display_error_number --warn_sections --xml_link_info=empty1_linkInfo.xml --rom_model ./board.o ./empty.o ./ti_msp_dl_config.o ./startup_mspm0g350x_ticlang.o ./grayscale.o ./pid.o ./uart_debug.o ./motor/encoder.o ./motor/motor.o -l./device_linker.cmd -ldevice.cmd.genlibs -llibc.a --start-group -llibc++.a -llibc++abi.a -llibc.a -llibsys.a -llibsysbm.a -llibclang_rt.builtins.a -llibclang_rt.profile.a --end-group --cg_opt_level=2</command_line>
   <link_time>0x6a40ea9e</link_time>
   <link_errors>0x0</link_errors>
   <output_file>D:\workspace\empty1\Debug\empty1.out</output_file>
   <entry_point>
      <name>_c_int00_noargs</name>
      <address>0x3049</address>
   </entry_point>
   <input_file_list>
      <input_file id="fl-1">
         <path>D:\workspace\empty1\Debug\.\</path>
         <kind>object</kind>
         <file>board.o</file>
         <name>board.o</name>
      </input_file>
      <input_file id="fl-2">
         <path>D:\workspace\empty1\Debug\.\</path>
         <kind>object</kind>
         <file>empty.o</file>
         <name>empty.o</name>
      </input_file>
      <input_file id="fl-3">
         <path>D:\workspace\empty1\Debug\.\</path>
         <kind>object</kind>
         <file>ti_msp_dl_config.o</file>
         <name>ti_msp_dl_config.o</name>
      </input_file>
      <input_file id="fl-4">
         <path>D:\workspace\empty1\Debug\.\</path>
         <kind>object</kind>
         <file>startup_mspm0g350x_ticlang.o</file>
         <name>startup_mspm0g350x_ticlang.o</name>
      </input_file>
      <input_file id="fl-5">
         <path>D:\workspace\empty1\Debug\.\</path>
         <kind>object</kind>
         <file>grayscale.o</file>
         <name>grayscale.o</name>
      </input_file>
      <input_file id="fl-6">
         <path>D:\workspace\empty1\Debug\.\</path>
         <kind>object</kind>
         <file>pid.o</file>
         <name>pid.o</name>
      </input_file>
      <input_file id="fl-7">
         <path>D:\workspace\empty1\Debug\.\</path>
         <kind>object</kind>
         <file>uart_debug.o</file>
         <name>uart_debug.o</name>
      </input_file>
      <input_file id="fl-8">
         <path>D:\workspace\empty1\Debug\.\motor\</path>
         <kind>object</kind>
         <file>encoder.o</file>
         <name>encoder.o</name>
      </input_file>
      <input_file id="fl-9">
         <path>D:\workspace\empty1\Debug\.\motor\</path>
         <kind>object</kind>
         <file>motor.o</file>
         <name>motor.o</name>
      </input_file>
      <input_file id="fl-16">
         <path>D:\workspace\empty1\Debug\</path>
         <kind>object</kind>
         <file>&lt;internal&gt;</file>
         <name>&lt;internal&gt;</name>
      </input_file>
      <input_file id="fl-17">
         <path>D:\ccs\mspm0_sdk_2_10_00_04\source\ti\driverlib\lib\ticlang\m0p\mspm0g1x0x_g3x0x\</path>
         <kind>archive</kind>
         <file>driverlib.a</file>
         <name>dl_adc12.o</name>
      </input_file>
      <input_file id="fl-18">
         <path>D:\ccs\mspm0_sdk_2_10_00_04\source\ti\driverlib\lib\ticlang\m0p\mspm0g1x0x_g3x0x\</path>
         <kind>archive</kind>
         <file>driverlib.a</file>
         <name>dl_common.o</name>
      </input_file>
      <input_file id="fl-19">
         <path>D:\ccs\mspm0_sdk_2_10_00_04\source\ti\driverlib\lib\ticlang\m0p\mspm0g1x0x_g3x0x\</path>
         <kind>archive</kind>
         <file>driverlib.a</file>
         <name>dl_timer.o</name>
      </input_file>
      <input_file id="fl-1a">
         <path>D:\ccs\mspm0_sdk_2_10_00_04\source\ti\driverlib\lib\ticlang\m0p\mspm0g1x0x_g3x0x\</path>
         <kind>archive</kind>
         <file>driverlib.a</file>
         <name>dl_uart.o</name>
      </input_file>
      <input_file id="fl-31">
         <path>D:\ccs\ccs\tools\compiler\ti-cgt-armllvm_4.0.4.LTS\lib\armv6m-ti-none-eabi\c\</path>
         <kind>archive</kind>
         <file>libc.a</file>
         <name>snprintf.c.obj</name>
      </input_file>
      <input_file id="fl-32">
         <path>D:\ccs\ccs\tools\compiler\ti-cgt-armllvm_4.0.4.LTS\lib\armv6m-ti-none-eabi\c\</path>
         <kind>archive</kind>
         <file>libc.a</file>
         <name>boot_cortex_m.c.obj</name>
      </input_file>
      <input_file id="fl-33">
         <path>D:\ccs\ccs\tools\compiler\ti-cgt-armllvm_4.0.4.LTS\lib\armv6m-ti-none-eabi\c\</path>
         <kind>archive</kind>
         <file>libc.a</file>
         <name>mathacl_init.c.obj</name>
      </input_file>
      <input_file id="fl-34">
         <path>D:\ccs\ccs\tools\compiler\ti-cgt-armllvm_4.0.4.LTS\lib\armv6m-ti-none-eabi\c\</path>
         <kind>archive</kind>
         <file>libc.a</file>
         <name>autoinit.c.obj</name>
      </input_file>
      <input_file id="fl-35">
         <path>D:\ccs\ccs\tools\compiler\ti-cgt-armllvm_4.0.4.LTS\lib\armv6m-ti-none-eabi\c\</path>
         <kind>archive</kind>
         <file>libc.a</file>
         <name>pre_init.c.obj</name>
      </input_file>
      <input_file id="fl-36">
         <path>D:\ccs\ccs\tools\compiler\ti-cgt-armllvm_4.0.4.LTS\lib\armv6m-ti-none-eabi\c\</path>
         <kind>archive</kind>
         <file>libc.a</file>
         <name>cpy_tbl.c.obj</name>
      </input_file>
      <input_file id="fl-37">
         <path>D:\ccs\ccs\tools\compiler\ti-cgt-armllvm_4.0.4.LTS\lib\armv6m-ti-none-eabi\c\</path>
         <kind>archive</kind>
         <file>libc.a</file>
         <name>copy_zero_init.c.obj</name>
      </input_file>
      <input_file id="fl-38">
         <path>D:\ccs\ccs\tools\compiler\ti-cgt-armllvm_4.0.4.LTS\lib\armv6m-ti-none-eabi\c\</path>
         <kind>archive</kind>
         <file>libc.a</file>
         <name>copy_decompress_none.c.obj</name>
      </input_file>
      <input_file id="fl-39">
         <path>D:\ccs\ccs\tools\compiler\ti-cgt-armllvm_4.0.4.LTS\lib\armv6m-ti-none-eabi\c\</path>
         <kind>archive</kind>
         <file>libc.a</file>
         <name>copy_decompress_lzss.c.obj</name>
      </input_file>
      <input_file id="fl-3a">
         <path>D:\ccs\ccs\tools\compiler\ti-cgt-armllvm_4.0.4.LTS\lib\armv6m-ti-none-eabi\c\</path>
         <kind>archive</kind>
         <file>libc.a</file>
         <name>_printfi.c.obj</name>
      </input_file>
      <input_file id="fl-3b">
         <path>D:\ccs\ccs\tools\compiler\ti-cgt-armllvm_4.0.4.LTS\lib\armv6m-ti-none-eabi\c\</path>
         <kind>archive</kind>
         <file>libc.a</file>
         <name>aeabi_portable.c.obj</name>
      </input_file>
      <input_file id="fl-3c">
         <path>D:\ccs\ccs\tools\compiler\ti-cgt-armllvm_4.0.4.LTS\lib\armv6m-ti-none-eabi\c\</path>
         <kind>archive</kind>
         <file>libc.a</file>
         <name>exit.c.obj</name>
      </input_file>
      <input_file id="fl-3d">
         <path>D:\ccs\ccs\tools\compiler\ti-cgt-armllvm_4.0.4.LTS\lib\armv6m-ti-none-eabi\c\</path>
         <kind>archive</kind>
         <file>libc.a</file>
         <name>_lock.c.obj</name>
      </input_file>
      <input_file id="fl-3e">
         <path>D:\ccs\ccs\tools\compiler\ti-cgt-armllvm_4.0.4.LTS\lib\armv6m-ti-none-eabi\c\</path>
         <kind>archive</kind>
         <file>libc.a</file>
         <name>_ltoa.c.obj</name>
      </input_file>
      <input_file id="fl-3f">
         <path>D:\ccs\ccs\tools\compiler\ti-cgt-armllvm_4.0.4.LTS\lib\armv6m-ti-none-eabi\c\</path>
         <kind>archive</kind>
         <file>libc.a</file>
         <name>args_main.c.obj</name>
      </input_file>
      <input_file id="fl-40">
         <path>D:\ccs\ccs\tools\compiler\ti-cgt-armllvm_4.0.4.LTS\lib\armv6m-ti-none-eabi\c\</path>
         <kind>archive</kind>
         <file>libc.a</file>
         <name>assert.c.obj</name>
      </input_file>
      <input_file id="fl-41">
         <path>D:\ccs\ccs\tools\compiler\ti-cgt-armllvm_4.0.4.LTS\lib\armv6m-ti-none-eabi\c\</path>
         <kind>archive</kind>
         <file>libc.a</file>
         <name>atoi.c.obj</name>
      </input_file>
      <input_file id="fl-42">
         <path>D:\ccs\ccs\tools\compiler\ti-cgt-armllvm_4.0.4.LTS\lib\armv6m-ti-none-eabi\c\</path>
         <kind>archive</kind>
         <file>libc.a</file>
         <name>defs.c.obj</name>
      </input_file>
      <input_file id="fl-43">
         <path>D:\ccs\ccs\tools\compiler\ti-cgt-armllvm_4.0.4.LTS\lib\armv6m-ti-none-eabi\c\</path>
         <kind>archive</kind>
         <file>libc.a</file>
         <name>memccpy.c.obj</name>
      </input_file>
      <input_file id="fl-44">
         <path>D:\ccs\ccs\tools\compiler\ti-cgt-armllvm_4.0.4.LTS\lib\armv6m-ti-none-eabi\c\</path>
         <kind>archive</kind>
         <file>libc.a</file>
         <name>memory.c.obj</name>
      </input_file>
      <input_file id="fl-45">
         <path>D:\ccs\ccs\tools\compiler\ti-cgt-armllvm_4.0.4.LTS\lib\armv6m-ti-none-eabi\c\</path>
         <kind>archive</kind>
         <file>libc.a</file>
         <name>s_frexp.c.obj</name>
      </input_file>
      <input_file id="fl-46">
         <path>D:\ccs\ccs\tools\compiler\ti-cgt-armllvm_4.0.4.LTS\lib\armv6m-ti-none-eabi\c\</path>
         <kind>archive</kind>
         <file>libc.a</file>
         <name>s_scalbn.c.obj</name>
      </input_file>
      <input_file id="fl-47">
         <path>D:\ccs\ccs\tools\compiler\ti-cgt-armllvm_4.0.4.LTS\lib\armv6m-ti-none-eabi\c\</path>
         <kind>archive</kind>
         <file>libc.a</file>
         <name>wcslen.c.obj</name>
      </input_file>
      <input_file id="fl-48">
         <path>D:\ccs\ccs\tools\compiler\ti-cgt-armllvm_4.0.4.LTS\lib\armv6m-ti-none-eabi\c\</path>
         <kind>archive</kind>
         <file>libc.a</file>
         <name>sprintf.c.obj</name>
      </input_file>
      <input_file id="fl-49">
         <path>D:\ccs\ccs\tools\compiler\ti-cgt-armllvm_4.0.4.LTS\lib\armv6m-ti-none-eabi\c\</path>
         <kind>archive</kind>
         <file>libc.a</file>
         <name>fflush.c.obj</name>
      </input_file>
      <input_file id="fl-4a">
         <path>D:\ccs\ccs\tools\compiler\ti-cgt-armllvm_4.0.4.LTS\lib\armv6m-ti-none-eabi\c\</path>
         <kind>archive</kind>
         <file>libc.a</file>
         <name>fputs.c.obj</name>
      </input_file>
      <input_file id="fl-4b">
         <path>D:\ccs\ccs\tools\compiler\ti-cgt-armllvm_4.0.4.LTS\lib\armv6m-ti-none-eabi\c\</path>
         <kind>archive</kind>
         <file>libc.a</file>
         <name>_io_perm.c.obj</name>
      </input_file>
      <input_file id="fl-4c">
         <path>D:\ccs\ccs\tools\compiler\ti-cgt-armllvm_4.0.4.LTS\lib\armv6m-ti-none-eabi\c\</path>
         <kind>archive</kind>
         <file>libc.a</file>
         <name>setvbuf.c.obj</name>
      </input_file>
      <input_file id="fl-4d">
         <path>D:\ccs\ccs\tools\compiler\ti-cgt-armllvm_4.0.4.LTS\lib\armv6m-ti-none-eabi\c\</path>
         <kind>archive</kind>
         <file>libc.a</file>
         <name>aeabi_ctype.S.obj</name>
      </input_file>
      <input_file id="fl-4e">
         <path>D:\ccs\ccs\tools\compiler\ti-cgt-armllvm_4.0.4.LTS\lib\armv6m-ti-none-eabi\c\</path>
         <kind>archive</kind>
         <file>libc.a</file>
         <name>fopen.c.obj</name>
      </input_file>
      <input_file id="fl-4f">
         <path>D:\ccs\ccs\tools\compiler\ti-cgt-armllvm_4.0.4.LTS\lib\armv6m-ti-none-eabi\c\</path>
         <kind>archive</kind>
         <file>libc.a</file>
         <name>fseek.c.obj</name>
      </input_file>
      <input_file id="fl-50">
         <path>D:\ccs\ccs\tools\compiler\ti-cgt-armllvm_4.0.4.LTS\lib\armv6m-ti-none-eabi\c\</path>
         <kind>archive</kind>
         <file>libc.a</file>
         <name>fclose.c.obj</name>
      </input_file>
      <input_file id="fl-f0">
         <path>D:\ccs\ccs\tools\compiler\ti-cgt-armllvm_4.0.4.LTS\lib\armv6m-ti-none-eabi\c\</path>
         <kind>archive</kind>
         <file>libsysbm.a</file>
         <name>hostexit.c.obj</name>
      </input_file>
      <input_file id="fl-f1">
         <path>D:\ccs\ccs\tools\compiler\ti-cgt-armllvm_4.0.4.LTS\lib\armv6m-ti-none-eabi\c\</path>
         <kind>archive</kind>
         <file>libsysbm.a</file>
         <name>write.c.obj</name>
      </input_file>
      <input_file id="fl-f2">
         <path>D:\ccs\ccs\tools\compiler\ti-cgt-armllvm_4.0.4.LTS\lib\armv6m-ti-none-eabi\c\</path>
         <kind>archive</kind>
         <file>libsysbm.a</file>
         <name>host_device.c.obj</name>
      </input_file>
      <input_file id="fl-f3">
         <path>D:\ccs\ccs\tools\compiler\ti-cgt-armllvm_4.0.4.LTS\lib\armv6m-ti-none-eabi\c\</path>
         <kind>archive</kind>
         <file>libsysbm.a</file>
         <name>remove.c.obj</name>
      </input_file>
      <input_file id="fl-f4">
         <path>D:\ccs\ccs\tools\compiler\ti-cgt-armllvm_4.0.4.LTS\lib\armv6m-ti-none-eabi\c\</path>
         <kind>archive</kind>
         <file>libsysbm.a</file>
         <name>open.c.obj</name>
      </input_file>
      <input_file id="fl-f5">
         <path>D:\ccs\ccs\tools\compiler\ti-cgt-armllvm_4.0.4.LTS\lib\armv6m-ti-none-eabi\c\</path>
         <kind>archive</kind>
         <file>libsysbm.a</file>
         <name>lseek.c.obj</name>
      </input_file>
      <input_file id="fl-f6">
         <path>D:\ccs\ccs\tools\compiler\ti-cgt-armllvm_4.0.4.LTS\lib\armv6m-ti-none-eabi\c\</path>
         <kind>archive</kind>
         <file>libsysbm.a</file>
         <name>close.c.obj</name>
      </input_file>
      <input_file id="fl-f7">
         <path>D:\ccs\ccs\tools\compiler\ti-cgt-armllvm_4.0.4.LTS\lib\armv6m-ti-none-eabi\c\</path>
         <kind>archive</kind>
         <file>libsysbm.a</file>
         <name>unlink.c.obj</name>
      </input_file>
      <input_file id="fl-f8">
         <path>D:\ccs\ccs\tools\compiler\ti-cgt-armllvm_4.0.4.LTS\lib\armv6m-ti-none-eabi\c\</path>
         <kind>archive</kind>
         <file>libsysbm.a</file>
         <name>hostclose.c.obj</name>
      </input_file>
      <input_file id="fl-f9">
         <path>D:\ccs\ccs\tools\compiler\ti-cgt-armllvm_4.0.4.LTS\lib\armv6m-ti-none-eabi\c\</path>
         <kind>archive</kind>
         <file>libsysbm.a</file>
         <name>hostlseek.c.obj</name>
      </input_file>
      <input_file id="fl-fa">
         <path>D:\ccs\ccs\tools\compiler\ti-cgt-armllvm_4.0.4.LTS\lib\armv6m-ti-none-eabi\c\</path>
         <kind>archive</kind>
         <file>libsysbm.a</file>
         <name>hostopen.c.obj</name>
      </input_file>
      <input_file id="fl-fb">
         <path>D:\ccs\ccs\tools\compiler\ti-cgt-armllvm_4.0.4.LTS\lib\armv6m-ti-none-eabi\c\</path>
         <kind>archive</kind>
         <file>libsysbm.a</file>
         <name>hostread.c.obj</name>
      </input_file>
      <input_file id="fl-fc">
         <path>D:\ccs\ccs\tools\compiler\ti-cgt-armllvm_4.0.4.LTS\lib\armv6m-ti-none-eabi\c\</path>
         <kind>archive</kind>
         <file>libsysbm.a</file>
         <name>hostrename.c.obj</name>
      </input_file>
      <input_file id="fl-fd">
         <path>D:\ccs\ccs\tools\compiler\ti-cgt-armllvm_4.0.4.LTS\lib\armv6m-ti-none-eabi\c\</path>
         <kind>archive</kind>
         <file>libsysbm.a</file>
         <name>hostunlink.c.obj</name>
      </input_file>
      <input_file id="fl-fe">
         <path>D:\ccs\ccs\tools\compiler\ti-cgt-armllvm_4.0.4.LTS\lib\armv6m-ti-none-eabi\c\</path>
         <kind>archive</kind>
         <file>libsysbm.a</file>
         <name>hostwrite.c.obj</name>
      </input_file>
      <input_file id="fl-ff">
         <path>D:\ccs\ccs\tools\compiler\ti-cgt-armllvm_4.0.4.LTS\lib\armv6m-ti-none-eabi\c\</path>
         <kind>archive</kind>
         <file>libsysbm.a</file>
         <name>trgmsg.c.obj</name>
      </input_file>
      <input_file id="fl-100">
         <path>D:\ccs\ccs\tools\compiler\ti-cgt-armllvm_4.0.4.LTS\lib\armv6m-ti-none-eabi\</path>
         <kind>archive</kind>
         <file>libclang_rt.builtins.a</file>
         <name>addsf3.S.obj</name>
      </input_file>
      <input_file id="fl-101">
         <path>D:\ccs\ccs\tools\compiler\ti-cgt-armllvm_4.0.4.LTS\lib\armv6m-ti-none-eabi\</path>
         <kind>archive</kind>
         <file>libclang_rt.builtins.a</file>
         <name>adddf3.S.obj</name>
      </input_file>
      <input_file id="fl-102">
         <path>D:\ccs\ccs\tools\compiler\ti-cgt-armllvm_4.0.4.LTS\lib\armv6m-ti-none-eabi\</path>
         <kind>archive</kind>
         <file>libclang_rt.builtins.a</file>
         <name>muldf3.S.obj</name>
      </input_file>
      <input_file id="fl-103">
         <path>D:\ccs\ccs\tools\compiler\ti-cgt-armllvm_4.0.4.LTS\lib\armv6m-ti-none-eabi\</path>
         <kind>archive</kind>
         <file>libclang_rt.builtins.a</file>
         <name>muldsi3.S.obj</name>
      </input_file>
      <input_file id="fl-104">
         <path>D:\ccs\ccs\tools\compiler\ti-cgt-armllvm_4.0.4.LTS\lib\armv6m-ti-none-eabi\</path>
         <kind>archive</kind>
         <file>libclang_rt.builtins.a</file>
         <name>mulsf3.S.obj</name>
      </input_file>
      <input_file id="fl-105">
         <path>D:\ccs\ccs\tools\compiler\ti-cgt-armllvm_4.0.4.LTS\lib\armv6m-ti-none-eabi\</path>
         <kind>archive</kind>
         <file>libclang_rt.builtins.a</file>
         <name>divsf3.S.obj</name>
      </input_file>
      <input_file id="fl-106">
         <path>D:\ccs\ccs\tools\compiler\ti-cgt-armllvm_4.0.4.LTS\lib\armv6m-ti-none-eabi\</path>
         <kind>archive</kind>
         <file>libclang_rt.builtins.a</file>
         <name>divdf3.S.obj</name>
      </input_file>
      <input_file id="fl-107">
         <path>D:\ccs\ccs\tools\compiler\ti-cgt-armllvm_4.0.4.LTS\lib\armv6m-ti-none-eabi\</path>
         <kind>archive</kind>
         <file>libclang_rt.builtins.a</file>
         <name>fixdfsi.S.obj</name>
      </input_file>
      <input_file id="fl-108">
         <path>D:\ccs\ccs\tools\compiler\ti-cgt-armllvm_4.0.4.LTS\lib\armv6m-ti-none-eabi\</path>
         <kind>archive</kind>
         <file>libclang_rt.builtins.a</file>
         <name>fixsfsi.S.obj</name>
      </input_file>
      <input_file id="fl-109">
         <path>D:\ccs\ccs\tools\compiler\ti-cgt-armllvm_4.0.4.LTS\lib\armv6m-ti-none-eabi\</path>
         <kind>archive</kind>
         <file>libclang_rt.builtins.a</file>
         <name>floatsidf.S.obj</name>
      </input_file>
      <input_file id="fl-10a">
         <path>D:\ccs\ccs\tools\compiler\ti-cgt-armllvm_4.0.4.LTS\lib\armv6m-ti-none-eabi\</path>
         <kind>archive</kind>
         <file>libclang_rt.builtins.a</file>
         <name>floatsisf.S.obj</name>
      </input_file>
      <input_file id="fl-10b">
         <path>D:\ccs\ccs\tools\compiler\ti-cgt-armllvm_4.0.4.LTS\lib\armv6m-ti-none-eabi\</path>
         <kind>archive</kind>
         <file>libclang_rt.builtins.a</file>
         <name>muldi3.S.obj</name>
      </input_file>
      <input_file id="fl-10c">
         <path>D:\ccs\ccs\tools\compiler\ti-cgt-armllvm_4.0.4.LTS\lib\armv6m-ti-none-eabi\</path>
         <kind>archive</kind>
         <file>libclang_rt.builtins.a</file>
         <name>aeabi_dcmp.S.obj</name>
      </input_file>
      <input_file id="fl-10d">
         <path>D:\ccs\ccs\tools\compiler\ti-cgt-armllvm_4.0.4.LTS\lib\armv6m-ti-none-eabi\</path>
         <kind>archive</kind>
         <file>libclang_rt.builtins.a</file>
         <name>aeabi_fcmp.S.obj</name>
      </input_file>
      <input_file id="fl-10e">
         <path>D:\ccs\ccs\tools\compiler\ti-cgt-armllvm_4.0.4.LTS\lib\armv6m-ti-none-eabi\</path>
         <kind>archive</kind>
         <file>libclang_rt.builtins.a</file>
         <name>aeabi_idivmod.S.obj</name>
      </input_file>
      <input_file id="fl-10f">
         <path>D:\ccs\ccs\tools\compiler\ti-cgt-armllvm_4.0.4.LTS\lib\armv6m-ti-none-eabi\</path>
         <kind>archive</kind>
         <file>libclang_rt.builtins.a</file>
         <name>aeabi_memcpy.S.obj</name>
      </input_file>
      <input_file id="fl-110">
         <path>D:\ccs\ccs\tools\compiler\ti-cgt-armllvm_4.0.4.LTS\lib\armv6m-ti-none-eabi\</path>
         <kind>archive</kind>
         <file>libclang_rt.builtins.a</file>
         <name>aeabi_memset.S.obj</name>
      </input_file>
      <input_file id="fl-111">
         <path>D:\ccs\ccs\tools\compiler\ti-cgt-armllvm_4.0.4.LTS\lib\armv6m-ti-none-eabi\</path>
         <kind>archive</kind>
         <file>libclang_rt.builtins.a</file>
         <name>aeabi_uidivmod.S.obj</name>
      </input_file>
      <input_file id="fl-112">
         <path>D:\ccs\ccs\tools\compiler\ti-cgt-armllvm_4.0.4.LTS\lib\armv6m-ti-none-eabi\</path>
         <kind>archive</kind>
         <file>libclang_rt.builtins.a</file>
         <name>aeabi_uldivmod.S.obj</name>
      </input_file>
      <input_file id="fl-113">
         <path>D:\ccs\ccs\tools\compiler\ti-cgt-armllvm_4.0.4.LTS\lib\armv6m-ti-none-eabi\</path>
         <kind>archive</kind>
         <file>libclang_rt.builtins.a</file>
         <name>comparesf2.S.obj</name>
      </input_file>
      <input_file id="fl-114">
         <path>D:\ccs\ccs\tools\compiler\ti-cgt-armllvm_4.0.4.LTS\lib\armv6m-ti-none-eabi\</path>
         <kind>archive</kind>
         <file>libclang_rt.builtins.a</file>
         <name>udivmoddi4.S.obj</name>
      </input_file>
      <input_file id="fl-115">
         <path>D:\ccs\ccs\tools\compiler\ti-cgt-armllvm_4.0.4.LTS\lib\armv6m-ti-none-eabi\</path>
         <kind>archive</kind>
         <file>libclang_rt.builtins.a</file>
         <name>ashldi3.S.obj</name>
      </input_file>
      <input_file id="fl-116">
         <path>D:\ccs\ccs\tools\compiler\ti-cgt-armllvm_4.0.4.LTS\lib\armv6m-ti-none-eabi\</path>
         <kind>archive</kind>
         <file>libclang_rt.builtins.a</file>
         <name>comparedf2.c.obj</name>
      </input_file>
      <input_file id="fl-117">
         <path>D:\ccs\ccs\tools\compiler\ti-cgt-armllvm_4.0.4.LTS\lib\armv6m-ti-none-eabi\</path>
         <kind>archive</kind>
         <file>libclang_rt.builtins.a</file>
         <name>aeabi_div0.c.obj</name>
      </input_file>
      <input_file id="fl-118">
         <path>D:\ccs\ccs\tools\compiler\ti-cgt-armllvm_4.0.4.LTS\lib\armv6m-ti-none-eabi\c\</path>
         <kind>archive</kind>
         <file>libc.a</file>
         <name>getdevice.c.obj</name>
      </input_file>
      <input_file id="fl-119">
         <path>D:\ccs\ccs\tools\compiler\ti-cgt-armllvm_4.0.4.LTS\lib\armv6m-ti-none-eabi\c\</path>
         <kind>archive</kind>
         <file>libc.a</file>
         <name>memcpy16.S.obj</name>
      </input_file>
      <input_file id="fl-11a">
         <path>D:\ccs\ccs\tools\compiler\ti-cgt-armllvm_4.0.4.LTS\lib\armv6m-ti-none-eabi\c\</path>
         <kind>archive</kind>
         <file>libc.a</file>
         <name>memset16.S.obj</name>
      </input_file>
      <input_file id="fl-11b">
         <path>D:\ccs\ccs\tools\compiler\ti-cgt-armllvm_4.0.4.LTS\lib\armv6m-ti-none-eabi\c\</path>
         <kind>archive</kind>
         <file>libc.a</file>
         <name>strcmp-armv6m.S.obj</name>
      </input_file>
   </input_file_list>
   <object_component_list>
      <object_component id="oc-18">
         <name>.intvecs</name>
         <load_address>0x0</load_address>
         <readonly>true</readonly>
         <run_address>0x0</run_address>
         <size>0xc0</size>
         <alignment>0x4</alignment>
         <input_file_ref idref="fl-4"/>
      </object_component>
      <object_component id="oc-18f">
         <name>.text:__TI_printfi</name>
         <load_address>0xc0</load_address>
         <readonly>true</readonly>
         <executable>true</executable>
         <run_address>0xc0</run_address>
         <size>0x9d0</size>
         <alignment>0x4</alignment>
         <input_file_ref idref="fl-3a"/>
      </object_component>
      <object_component id="oc-76">
         <name>.text.main</name>
         <load_address>0xa90</load_address>
         <readonly>true</readonly>
         <executable>true</executable>
         <run_address>0xa90</run_address>
         <size>0x378</size>
         <alignment>0x4</alignment>
         <input_file_ref idref="fl-2"/>
      </object_component>
      <object_component id="oc-a7">
         <name>.text.uart_debug_printf</name>
         <load_address>0xe08</load_address>
         <readonly>true</readonly>
         <executable>true</executable>
         <run_address>0xe08</run_address>
         <size>0x228</size>
         <alignment>0x4</alignment>
         <input_file_ref idref="fl-7"/>
      </object_component>
      <object_component id="oc-1b2">
         <name>.text._pconv_a</name>
         <load_address>0x1030</load_address>
         <readonly>true</readonly>
         <executable>true</executable>
         <run_address>0x1030</run_address>
         <size>0x220</size>
         <alignment>0x4</alignment>
         <input_file_ref idref="fl-3a"/>
      </object_component>
      <object_component id="oc-1b7">
         <name>.text._pconv_g</name>
         <load_address>0x1250</load_address>
         <readonly>true</readonly>
         <executable>true</executable>
         <run_address>0x1250</run_address>
         <size>0x1dc</size>
         <alignment>0x4</alignment>
         <input_file_ref idref="fl-3a"/>
      </object_component>
      <object_component id="oc-1f7">
         <name>.text.adddf3_subdf3</name>
         <load_address>0x142c</load_address>
         <readonly>true</readonly>
         <executable>true</executable>
         <run_address>0x142c</run_address>
         <size>0x192</size>
         <alignment>0x4</alignment>
         <input_file_ref idref="fl-101"/>
      </object_component>
      <object_component id="oc-33">
         <name>.text.Default_Handler</name>
         <load_address>0x15be</load_address>
         <readonly>true</readonly>
         <executable>true</executable>
         <run_address>0x15be</run_address>
         <size>0x2</size>
         <alignment>0x2</alignment>
         <input_file_ref idref="fl-4"/>
      </object_component>
      <object_component id="oc-1fb">
         <name>.text.fcvt</name>
         <load_address>0x15c0</load_address>
         <readonly>true</readonly>
         <executable>true</executable>
         <run_address>0x15c0</run_address>
         <size>0x13c</size>
         <alignment>0x4</alignment>
         <input_file_ref idref="fl-3a"/>
      </object_component>
      <object_component id="oc-1b9">
         <name>.text._pconv_e</name>
         <load_address>0x16fc</load_address>
         <readonly>true</readonly>
         <executable>true</executable>
         <run_address>0x16fc</run_address>
         <size>0x120</size>
         <alignment>0x4</alignment>
         <input_file_ref idref="fl-3a"/>
      </object_component>
      <object_component id="oc-b2">
         <name>.text.grayscale_get_error</name>
         <load_address>0x181c</load_address>
         <readonly>true</readonly>
         <executable>true</executable>
         <run_address>0x181c</run_address>
         <size>0x11c</size>
         <alignment>0x4</alignment>
         <input_file_ref idref="fl-5"/>
      </object_component>
      <object_component id="oc-90">
         <name>.text.motor_init</name>
         <load_address>0x1938</load_address>
         <readonly>true</readonly>
         <executable>true</executable>
         <run_address>0x1938</run_address>
         <size>0x11c</size>
         <alignment>0x4</alignment>
         <input_file_ref idref="fl-9"/>
      </object_component>
      <object_component id="oc-1f3">
         <name>.text.__divdf3</name>
         <load_address>0x1a54</load_address>
         <readonly>true</readonly>
         <executable>true</executable>
         <run_address>0x1a54</run_address>
         <size>0x10c</size>
         <alignment>0x4</alignment>
         <input_file_ref idref="fl-106"/>
      </object_component>
      <object_component id="oc-10d">
         <name>.text.DL_Timer_initFourCCPWMMode</name>
         <load_address>0x1b60</load_address>
         <readonly>true</readonly>
         <executable>true</executable>
         <run_address>0x1b60</run_address>
         <size>0x104</size>
         <alignment>0x4</alignment>
         <input_file_ref idref="fl-19"/>
      </object_component>
      <object_component id="oc-34">
         <name>.text.GROUP1_IRQHandler</name>
         <load_address>0x1c64</load_address>
         <readonly>true</readonly>
         <executable>true</executable>
         <run_address>0x1c64</run_address>
         <size>0x104</size>
         <alignment>0x4</alignment>
         <input_file_ref idref="fl-8"/>
      </object_component>
      <object_component id="oc-159">
         <name>.text.DL_Timer_initTimerMode</name>
         <load_address>0x1d68</load_address>
         <readonly>true</readonly>
         <executable>true</executable>
         <run_address>0x1d68</run_address>
         <size>0xfc</size>
         <alignment>0x4</alignment>
         <input_file_ref idref="fl-19"/>
      </object_component>
      <object_component id="oc-1e3">
         <name>.text.__muldf3</name>
         <load_address>0x1e64</load_address>
         <readonly>true</readonly>
         <executable>true</executable>
         <run_address>0x1e64</run_address>
         <size>0xe4</size>
         <alignment>0x4</alignment>
         <input_file_ref idref="fl-102"/>
      </object_component>
      <object_component id="oc-ba">
         <name>.text.pid_calculate</name>
         <load_address>0x1f48</load_address>
         <readonly>true</readonly>
         <executable>true</executable>
         <run_address>0x1f48</run_address>
         <size>0xdc</size>
         <alignment>0x4</alignment>
         <input_file_ref idref="fl-6"/>
      </object_component>
      <object_component id="oc-1d2">
         <name>.text.scalbn</name>
         <load_address>0x2024</load_address>
         <readonly>true</readonly>
         <executable>true</executable>
         <run_address>0x2024</run_address>
         <size>0xd8</size>
         <alignment>0x4</alignment>
         <input_file_ref idref="fl-46"/>
      </object_component>
      <object_component id="oc-bb">
         <name>.text</name>
         <load_address>0x20fc</load_address>
         <readonly>true</readonly>
         <executable>true</executable>
         <run_address>0x20fc</run_address>
         <size>0xd8</size>
         <alignment>0x4</alignment>
         <input_file_ref idref="fl-100"/>
      </object_component>
      <object_component id="oc-1c9">
         <name>.text</name>
         <load_address>0x21d4</load_address>
         <readonly>true</readonly>
         <executable>true</executable>
         <run_address>0x21d4</run_address>
         <size>0xa2</size>
         <alignment>0x4</alignment>
         <input_file_ref idref="fl-114"/>
      </object_component>
      <object_component id="oc-173">
         <name>.text.__aeabi_idiv0</name>
         <load_address>0x2276</load_address>
         <readonly>true</readonly>
         <executable>true</executable>
         <run_address>0x2276</run_address>
         <size>0x2</size>
         <alignment>0x2</alignment>
         <input_file_ref idref="fl-117"/>
      </object_component>
      <object_component id="oc-cf">
         <name>.text.motor_set_both</name>
         <load_address>0x2278</load_address>
         <readonly>true</readonly>
         <executable>true</executable>
         <run_address>0x2278</run_address>
         <size>0x9c</size>
         <alignment>0x4</alignment>
         <input_file_ref idref="fl-9"/>
      </object_component>
      <object_component id="oc-86">
         <name>.text:memcpy</name>
         <load_address>0x2314</load_address>
         <readonly>true</readonly>
         <executable>true</executable>
         <run_address>0x2314</run_address>
         <size>0x9a</size>
         <alignment>0x1</alignment>
         <input_file_ref idref="fl-119"/>
      </object_component>
      <object_component id="oc-1fd">
         <name>.text.__aeabi_ldiv0</name>
         <load_address>0x23ae</load_address>
         <readonly>true</readonly>
         <executable>true</executable>
         <run_address>0x23ae</run_address>
         <size>0x2</size>
         <alignment>0x2</alignment>
         <input_file_ref idref="fl-117"/>
      </object_component>
      <object_component id="oc-fb">
         <name>.text.SYSCFG_DL_GPIO_init</name>
         <load_address>0x23b0</load_address>
         <readonly>true</readonly>
         <executable>true</executable>
         <run_address>0x23b0</run_address>
         <size>0x98</size>
         <alignment>0x4</alignment>
         <input_file_ref idref="fl-3"/>
      </object_component>
      <object_component id="oc-c3">
         <name>.text.__mulsf3</name>
         <load_address>0x2448</load_address>
         <readonly>true</readonly>
         <executable>true</executable>
         <run_address>0x2448</run_address>
         <size>0x8c</size>
         <alignment>0x4</alignment>
         <input_file_ref idref="fl-104"/>
      </object_component>
      <object_component id="oc-bf">
         <name>.text.__divsf3</name>
         <load_address>0x24d4</load_address>
         <readonly>true</readonly>
         <executable>true</executable>
         <run_address>0x24d4</run_address>
         <size>0x82</size>
         <alignment>0x4</alignment>
         <input_file_ref idref="fl-105"/>
      </object_component>
      <object_component id="oc-1c">
         <name>.text:decompress:lzss</name>
         <load_address>0x2558</load_address>
         <readonly>true</readonly>
         <executable>true</executable>
         <run_address>0x2558</run_address>
         <size>0x7c</size>
         <alignment>0x4</alignment>
         <input_file_ref idref="fl-39"/>
      </object_component>
      <object_component id="oc-1f1">
         <name>.text.__gedf2</name>
         <load_address>0x25d4</load_address>
         <readonly>true</readonly>
         <executable>true</executable>
         <run_address>0x25d4</run_address>
         <size>0x74</size>
         <alignment>0x4</alignment>
         <input_file_ref idref="fl-116"/>
      </object_component>
      <object_component id="oc-1eb">
         <name>.text.__ledf2</name>
         <load_address>0x2648</load_address>
         <readonly>true</readonly>
         <executable>true</executable>
         <run_address>0x2648</run_address>
         <size>0x68</size>
         <alignment>0x4</alignment>
         <input_file_ref idref="fl-116"/>
      </object_component>
      <object_component id="oc-1ea">
         <name>.text._mcpy</name>
         <load_address>0x26b0</load_address>
         <readonly>true</readonly>
         <executable>true</executable>
         <run_address>0x26b0</run_address>
         <size>0x66</size>
         <alignment>0x2</alignment>
         <input_file_ref idref="fl-3a"/>
      </object_component>
      <object_component id="oc-1b3">
         <name>.text.__aeabi_dcmp</name>
         <load_address>0x2718</load_address>
         <readonly>true</readonly>
         <executable>true</executable>
         <run_address>0x2718</run_address>
         <size>0x62</size>
         <alignment>0x4</alignment>
         <input_file_ref idref="fl-10c"/>
      </object_component>
      <object_component id="oc-b5">
         <name>.text.__aeabi_fcmp</name>
         <load_address>0x277c</load_address>
         <readonly>true</readonly>
         <executable>true</executable>
         <run_address>0x277c</run_address>
         <size>0x62</size>
         <alignment>0x4</alignment>
         <input_file_ref idref="fl-10d"/>
      </object_component>
      <object_component id="oc-f9">
         <name>.text:memset</name>
         <load_address>0x27de</load_address>
         <readonly>true</readonly>
         <executable>true</executable>
         <run_address>0x27de</run_address>
         <size>0x62</size>
         <alignment>0x1</alignment>
         <input_file_ref idref="fl-11a"/>
      </object_component>
      <object_component id="oc-ff">
         <name>.text.SYSCFG_DL_Debug_UART_init</name>
         <load_address>0x2840</load_address>
         <readonly>true</readonly>
         <executable>true</executable>
         <run_address>0x2840</run_address>
         <size>0x60</size>
         <alignment>0x4</alignment>
         <input_file_ref idref="fl-3"/>
      </object_component>
      <object_component id="oc-100">
         <name>.text.SYSCFG_DL_Grayscale_ADC_init</name>
         <load_address>0x28a0</load_address>
         <readonly>true</readonly>
         <executable>true</executable>
         <run_address>0x28a0</run_address>
         <size>0x60</size>
         <alignment>0x4</alignment>
         <input_file_ref idref="fl-3"/>
      </object_component>
      <object_component id="oc-a9">
         <name>.text.delay_ms</name>
         <load_address>0x2900</load_address>
         <readonly>true</readonly>
         <executable>true</executable>
         <run_address>0x2900</run_address>
         <size>0x5c</size>
         <alignment>0x2</alignment>
         <input_file_ref idref="fl-1"/>
      </object_component>
      <object_component id="oc-1ce">
         <name>.text.frexp</name>
         <load_address>0x295c</load_address>
         <readonly>true</readonly>
         <executable>true</executable>
         <run_address>0x295c</run_address>
         <size>0x5c</size>
         <alignment>0x4</alignment>
         <input_file_ref idref="fl-45"/>
      </object_component>
      <object_component id="oc-1da">
         <name>.text.__TI_ltoa</name>
         <load_address>0x29b8</load_address>
         <readonly>true</readonly>
         <executable>true</executable>
         <run_address>0x29b8</run_address>
         <size>0x58</size>
         <alignment>0x2</alignment>
         <input_file_ref idref="fl-3e"/>
      </object_component>
      <object_component id="oc-1b8">
         <name>.text._pconv_f</name>
         <load_address>0x2a10</load_address>
         <readonly>true</readonly>
         <executable>true</executable>
         <run_address>0x2a10</run_address>
         <size>0x58</size>
         <alignment>0x2</alignment>
         <input_file_ref idref="fl-3a"/>
      </object_component>
      <object_component id="oc-96">
         <name>.text.grayscale_init</name>
         <load_address>0x2a68</load_address>
         <readonly>true</readonly>
         <executable>true</executable>
         <run_address>0x2a68</run_address>
         <size>0x58</size>
         <alignment>0x4</alignment>
         <input_file_ref idref="fl-5"/>
      </object_component>
      <object_component id="oc-b1">
         <name>.text.grayscale_read_all</name>
         <load_address>0x2ac0</load_address>
         <readonly>true</readonly>
         <executable>true</executable>
         <run_address>0x2ac0</run_address>
         <size>0x58</size>
         <alignment>0x4</alignment>
         <input_file_ref idref="fl-5"/>
      </object_component>
      <object_component id="oc-20a">
         <name>.text.__aeabi_idivmod</name>
         <load_address>0x2b18</load_address>
         <readonly>true</readonly>
         <executable>true</executable>
         <run_address>0x2b18</run_address>
         <size>0x56</size>
         <alignment>0x4</alignment>
         <input_file_ref idref="fl-10e"/>
      </object_component>
      <object_component id="oc-1e8">
         <name>.text._ecpy</name>
         <load_address>0x2b6e</load_address>
         <readonly>true</readonly>
         <executable>true</executable>
         <run_address>0x2b6e</run_address>
         <size>0x52</size>
         <alignment>0x2</alignment>
         <input_file_ref idref="fl-3a"/>
      </object_component>
      <object_component id="oc-fe">
         <name>.text.SYSCFG_DL_PID_Timer_init</name>
         <load_address>0x2bc0</load_address>
         <readonly>true</readonly>
         <executable>true</executable>
         <run_address>0x2bc0</run_address>
         <size>0x50</size>
         <alignment>0x4</alignment>
         <input_file_ref idref="fl-3"/>
      </object_component>
      <object_component id="oc-123">
         <name>.text.snprintf</name>
         <load_address>0x2c10</load_address>
         <readonly>true</readonly>
         <executable>true</executable>
         <run_address>0x2c10</run_address>
         <size>0x4c</size>
         <alignment>0x4</alignment>
         <input_file_ref idref="fl-31"/>
      </object_component>
      <object_component id="oc-1d6">
         <name>.text.__fixdfsi</name>
         <load_address>0x2c5c</load_address>
         <readonly>true</readonly>
         <executable>true</executable>
         <run_address>0x2c5c</run_address>
         <size>0x4a</size>
         <alignment>0x4</alignment>
         <input_file_ref idref="fl-107"/>
      </object_component>
      <object_component id="oc-15d">
         <name>.text.DL_UART_init</name>
         <load_address>0x2ca8</load_address>
         <readonly>true</readonly>
         <executable>true</executable>
         <run_address>0x2ca8</run_address>
         <size>0x48</size>
         <alignment>0x4</alignment>
         <input_file_ref idref="fl-1a"/>
      </object_component>
      <object_component id="oc-fa">
         <name>.text.SYSCFG_DL_initPower</name>
         <load_address>0x2cf0</load_address>
         <readonly>true</readonly>
         <executable>true</executable>
         <run_address>0x2cf0</run_address>
         <size>0x48</size>
         <alignment>0x4</alignment>
         <input_file_ref idref="fl-3"/>
      </object_component>
      <object_component id="oc-160">
         <name>.text.DL_ADC12_setClockConfig</name>
         <load_address>0x2d38</load_address>
         <readonly>true</readonly>
         <executable>true</executable>
         <run_address>0x2d38</run_address>
         <size>0x40</size>
         <alignment>0x4</alignment>
         <input_file_ref idref="fl-17"/>
      </object_component>
      <object_component id="oc-12d">
         <name>.text.__aeabi_uidivmod</name>
         <load_address>0x2d78</load_address>
         <readonly>true</readonly>
         <executable>true</executable>
         <run_address>0x2d78</run_address>
         <size>0x40</size>
         <alignment>0x4</alignment>
         <input_file_ref idref="fl-111"/>
      </object_component>
      <object_component id="oc-19c">
         <name>.text.atoi</name>
         <load_address>0x2db8</load_address>
         <readonly>true</readonly>
         <executable>true</executable>
         <run_address>0x2db8</run_address>
         <size>0x40</size>
         <alignment>0x4</alignment>
         <input_file_ref idref="fl-41"/>
      </object_component>
      <object_component id="oc-c7">
         <name>.text.__floatsisf</name>
         <load_address>0x2df8</load_address>
         <readonly>true</readonly>
         <executable>true</executable>
         <run_address>0x2df8</run_address>
         <size>0x3c</size>
         <alignment>0x4</alignment>
         <input_file_ref idref="fl-10a"/>
      </object_component>
      <object_component id="oc-13d">
         <name>.text.__gtsf2</name>
         <load_address>0x2e34</load_address>
         <readonly>true</readonly>
         <executable>true</executable>
         <run_address>0x2e34</run_address>
         <size>0x3c</size>
         <alignment>0x4</alignment>
         <input_file_ref idref="fl-113"/>
      </object_component>
      <object_component id="oc-e1">
         <name>.text:__TI_auto_init_nobinit_nopinit</name>
         <load_address>0x2e70</load_address>
         <readonly>true</readonly>
         <executable>true</executable>
         <run_address>0x2e70</run_address>
         <size>0x3c</size>
         <alignment>0x4</alignment>
         <input_file_ref idref="fl-34"/>
      </object_component>
      <object_component id="oc-138">
         <name>.text.__eqsf2</name>
         <load_address>0x2eac</load_address>
         <readonly>true</readonly>
         <executable>true</executable>
         <run_address>0x2eac</run_address>
         <size>0x3a</size>
         <alignment>0x4</alignment>
         <input_file_ref idref="fl-113"/>
      </object_component>
      <object_component id="oc-141">
         <name>.text.__muldsi3</name>
         <load_address>0x2ee8</load_address>
         <readonly>true</readonly>
         <executable>true</executable>
         <run_address>0x2ee8</run_address>
         <size>0x3a</size>
         <alignment>0x4</alignment>
         <input_file_ref idref="fl-103"/>
      </object_component>
      <object_component id="oc-cb">
         <name>.text.__fixsfsi</name>
         <load_address>0x2f24</load_address>
         <readonly>true</readonly>
         <executable>true</executable>
         <run_address>0x2f24</run_address>
         <size>0x38</size>
         <alignment>0x4</alignment>
         <input_file_ref idref="fl-108"/>
      </object_component>
      <object_component id="oc-11d">
         <name>.text.DL_UART_transmitDataBlocking</name>
         <load_address>0x2f5c</load_address>
         <readonly>true</readonly>
         <executable>true</executable>
         <run_address>0x2f5c</run_address>
         <size>0x30</size>
         <alignment>0x4</alignment>
         <input_file_ref idref="fl-1a"/>
      </object_component>
      <object_component id="oc-fc">
         <name>.text.SYSCFG_DL_SYSCTL_init</name>
         <load_address>0x2f8c</load_address>
         <readonly>true</readonly>
         <executable>true</executable>
         <run_address>0x2f8c</run_address>
         <size>0x30</size>
         <alignment>0x4</alignment>
         <input_file_ref idref="fl-3"/>
      </object_component>
      <object_component id="oc-1e9">
         <name>.text._fcpy</name>
         <load_address>0x2fbc</load_address>
         <readonly>true</readonly>
         <executable>true</executable>
         <run_address>0x2fbc</run_address>
         <size>0x30</size>
         <alignment>0x2</alignment>
         <input_file_ref idref="fl-3a"/>
      </object_component>
      <object_component id="oc-16f">
         <name>.text._outs</name>
         <load_address>0x2fec</load_address>
         <readonly>true</readonly>
         <executable>true</executable>
         <run_address>0x2fec</run_address>
         <size>0x30</size>
         <alignment>0x2</alignment>
         <input_file_ref idref="fl-31"/>
      </object_component>
      <object_component id="oc-1de">
         <name>.text.__floatsidf</name>
         <load_address>0x301c</load_address>
         <readonly>true</readonly>
         <executable>true</executable>
         <run_address>0x301c</run_address>
         <size>0x2c</size>
         <alignment>0x4</alignment>
         <input_file_ref idref="fl-109"/>
      </object_component>
      <object_component id="oc-5a">
         <name>.text:_c_int00_noargs</name>
         <load_address>0x3048</load_address>
         <readonly>true</readonly>
         <executable>true</executable>
         <run_address>0x3048</run_address>
         <size>0x28</size>
         <alignment>0x4</alignment>
         <input_file_ref idref="fl-32"/>
      </object_component>
      <object_component id="oc-1a9">
         <name>.text.__muldi3</name>
         <load_address>0x3070</load_address>
         <readonly>true</readonly>
         <executable>true</executable>
         <run_address>0x3070</run_address>
         <size>0x24</size>
         <alignment>0x4</alignment>
         <input_file_ref idref="fl-10b"/>
      </object_component>
      <object_component id="oc-195">
         <name>.text.memccpy</name>
         <load_address>0x3094</load_address>
         <readonly>true</readonly>
         <executable>true</executable>
         <run_address>0x3094</run_address>
         <size>0x22</size>
         <alignment>0x2</alignment>
         <input_file_ref idref="fl-43"/>
      </object_component>
      <object_component id="oc-1fe">
         <name>.text.__ashldi3</name>
         <load_address>0x30b8</load_address>
         <readonly>true</readonly>
         <executable>true</executable>
         <run_address>0x30b8</run_address>
         <size>0x1e</size>
         <alignment>0x4</alignment>
         <input_file_ref idref="fl-115"/>
      </object_component>
      <object_component id="oc-10f">
         <name>.text.DL_Timer_setCaptCompUpdateMethod</name>
         <load_address>0x30d8</load_address>
         <readonly>true</readonly>
         <executable>true</executable>
         <run_address>0x30d8</run_address>
         <size>0x1c</size>
         <alignment>0x4</alignment>
         <input_file_ref idref="fl-19"/>
      </object_component>
      <object_component id="oc-107">
         <name>.text.DL_Timer_setClockConfig</name>
         <load_address>0x30f4</load_address>
         <readonly>true</readonly>
         <executable>true</executable>
         <run_address>0x30f4</run_address>
         <size>0x1c</size>
         <alignment>0x4</alignment>
         <input_file_ref idref="fl-19"/>
      </object_component>
      <object_component id="oc-8b">
         <name>.text.SYSCFG_DL_init</name>
         <load_address>0x3110</load_address>
         <readonly>true</readonly>
         <executable>true</executable>
         <run_address>0x3110</run_address>
         <size>0x1c</size>
         <alignment>0x2</alignment>
         <input_file_ref idref="fl-3"/>
      </object_component>
      <object_component id="oc-3a">
         <name>.text.TIMG12_IRQHandler</name>
         <load_address>0x312c</load_address>
         <readonly>true</readonly>
         <executable>true</executable>
         <run_address>0x312c</run_address>
         <size>0x1c</size>
         <alignment>0x4</alignment>
         <input_file_ref idref="fl-2"/>
      </object_component>
      <object_component id="oc-9c">
         <name>.text.uart_debug_init</name>
         <load_address>0x3148</load_address>
         <readonly>true</readonly>
         <executable>true</executable>
         <run_address>0x3148</run_address>
         <size>0x1c</size>
         <alignment>0x4</alignment>
         <input_file_ref idref="fl-7"/>
      </object_component>
      <object_component id="oc-a1">
         <name>.text.pid_init</name>
         <load_address>0x3164</load_address>
         <readonly>true</readonly>
         <executable>true</executable>
         <run_address>0x3164</run_address>
         <size>0x1a</size>
         <alignment>0x2</alignment>
         <input_file_ref idref="fl-6"/>
      </object_component>
      <object_component id="oc-10e">
         <name>.text.DL_Timer_setCaptureCompareOutCtl</name>
         <load_address>0x3180</load_address>
         <readonly>true</readonly>
         <executable>true</executable>
         <run_address>0x3180</run_address>
         <size>0x18</size>
         <alignment>0x4</alignment>
         <input_file_ref idref="fl-19"/>
      </object_component>
      <object_component id="oc-170">
         <name>.text._outc</name>
         <load_address>0x3198</load_address>
         <readonly>true</readonly>
         <executable>true</executable>
         <run_address>0x3198</run_address>
         <size>0x18</size>
         <alignment>0x2</alignment>
         <input_file_ref idref="fl-31"/>
      </object_component>
      <object_component id="oc-51">
         <name>.text:decompress:ZI:__TI_zero_init_nomemset</name>
         <load_address>0x31b0</load_address>
         <readonly>true</readonly>
         <executable>true</executable>
         <run_address>0x31b0</run_address>
         <size>0x16</size>
         <alignment>0x2</alignment>
         <input_file_ref idref="fl-37"/>
      </object_component>
      <object_component id="oc-1ae">
         <name>.text.__aeabi_uldivmod</name>
         <load_address>0x31c8</load_address>
         <readonly>true</readonly>
         <executable>true</executable>
         <run_address>0x31c8</run_address>
         <size>0x14</size>
         <alignment>0x4</alignment>
         <input_file_ref idref="fl-112"/>
      </object_component>
      <object_component id="oc-1e7">
         <name>.text.strchr</name>
         <load_address>0x31dc</load_address>
         <readonly>true</readonly>
         <executable>true</executable>
         <run_address>0x31dc</run_address>
         <size>0x14</size>
         <alignment>0x2</alignment>
         <input_file_ref idref="fl-3a"/>
      </object_component>
      <object_component id="oc-15c">
         <name>.text.DL_UART_setClockConfig</name>
         <load_address>0x31f0</load_address>
         <readonly>true</readonly>
         <executable>true</executable>
         <run_address>0x31f0</run_address>
         <size>0x12</size>
         <alignment>0x2</alignment>
         <input_file_ref idref="fl-1a"/>
      </object_component>
      <object_component id="oc-20">
         <name>.text:decompress:none</name>
         <load_address>0x3202</load_address>
         <readonly>true</readonly>
         <executable>true</executable>
         <run_address>0x3202</run_address>
         <size>0x12</size>
         <alignment>0x2</alignment>
         <input_file_ref idref="fl-38"/>
      </object_component>
      <object_component id="oc-110">
         <name>.text.DL_Timer_setCaptureCompareValue</name>
         <load_address>0x3214</load_address>
         <readonly>true</readonly>
         <executable>true</executable>
         <run_address>0x3214</run_address>
         <size>0x10</size>
         <alignment>0x4</alignment>
         <input_file_ref idref="fl-19"/>
      </object_component>
      <object_component id="oc-af">
         <name>.text.encoder_get_left_speed</name>
         <load_address>0x3224</load_address>
         <readonly>true</readonly>
         <executable>true</executable>
         <run_address>0x3224</run_address>
         <size>0x10</size>
         <alignment>0x4</alignment>
         <input_file_ref idref="fl-8"/>
      </object_component>
      <object_component id="oc-b0">
         <name>.text.encoder_get_right_speed</name>
         <load_address>0x3234</load_address>
         <readonly>true</readonly>
         <executable>true</executable>
         <run_address>0x3234</run_address>
         <size>0x10</size>
         <alignment>0x4</alignment>
         <input_file_ref idref="fl-8"/>
      </object_component>
      <object_component id="oc-b9">
         <name>.text.pid_reset</name>
         <load_address>0x3244</load_address>
         <readonly>true</readonly>
         <executable>true</executable>
         <run_address>0x3244</run_address>
         <size>0x10</size>
         <alignment>0x2</alignment>
         <input_file_ref idref="fl-6"/>
      </object_component>
      <object_component id="oc-1a0">
         <name>.text.wcslen</name>
         <load_address>0x3254</load_address>
         <readonly>true</readonly>
         <executable>true</executable>
         <run_address>0x3254</run_address>
         <size>0x10</size>
         <alignment>0x2</alignment>
         <input_file_ref idref="fl-47"/>
      </object_component>
      <object_component id="oc-194">
         <name>.text.__aeabi_memset</name>
         <load_address>0x3264</load_address>
         <readonly>true</readonly>
         <executable>true</executable>
         <run_address>0x3264</run_address>
         <size>0xe</size>
         <alignment>0x4</alignment>
         <input_file_ref idref="fl-110"/>
      </object_component>
      <object_component id="oc-193">
         <name>.text.strlen</name>
         <load_address>0x3272</load_address>
         <readonly>true</readonly>
         <executable>true</executable>
         <run_address>0x3272</run_address>
         <size>0xe</size>
         <alignment>0x2</alignment>
         <input_file_ref idref="fl-3a"/>
      </object_component>
      <object_component id="oc-9b">
         <name>.text.encoder_init</name>
         <load_address>0x3280</load_address>
         <readonly>true</readonly>
         <executable>true</executable>
         <run_address>0x3280</run_address>
         <size>0xc</size>
         <alignment>0x4</alignment>
         <input_file_ref idref="fl-8"/>
      </object_component>
      <object_component id="oc-b4">
         <name>.text.grayscale_is_line_lost</name>
         <load_address>0x328c</load_address>
         <readonly>true</readonly>
         <executable>true</executable>
         <run_address>0x328c</run_address>
         <size>0xc</size>
         <alignment>0x4</alignment>
         <input_file_ref idref="fl-5"/>
      </object_component>
      <object_component id="oc-103">
         <name>.text.DL_Common_delayCycles</name>
         <load_address>0x3298</load_address>
         <readonly>true</readonly>
         <executable>true</executable>
         <run_address>0x3298</run_address>
         <size>0xa</size>
         <alignment>0x2</alignment>
         <input_file_ref idref="fl-18"/>
      </object_component>
      <object_component id="oc-1e2">
         <name>.text.OUTLINED_FUNCTION_0</name>
         <load_address>0x32a2</load_address>
         <readonly>true</readonly>
         <executable>true</executable>
         <run_address>0x32a2</run_address>
         <size>0xa</size>
         <alignment>0x2</alignment>
         <input_file_ref idref="fl-3a"/>
      </object_component>
      <object_component id="oc-260">
         <name>.tramp.__aeabi_dsub.1</name>
         <load_address>0x32ac</load_address>
         <readonly>true</readonly>
         <executable>true</executable>
         <run_address>0x32ac</run_address>
         <size>0x10</size>
         <alignment>0x4</alignment>
         <input_file_ref idref="fl-101"/>
      </object_component>
      <object_component id="oc-1fc">
         <name>.text.OUTLINED_FUNCTION_1</name>
         <load_address>0x32bc</load_address>
         <readonly>true</readonly>
         <executable>true</executable>
         <run_address>0x32bc</run_address>
         <size>0xa</size>
         <alignment>0x2</alignment>
         <input_file_ref idref="fl-3a"/>
      </object_component>
      <object_component id="oc-1a4">
         <name>.text.__aeabi_errno_addr</name>
         <load_address>0x32c8</load_address>
         <readonly>true</readonly>
         <executable>true</executable>
         <run_address>0x32c8</run_address>
         <size>0x8</size>
         <alignment>0x4</alignment>
         <input_file_ref idref="fl-3b"/>
      </object_component>
      <object_component id="oc-4a">
         <name>.text.__aeabi_memcpy</name>
         <load_address>0x32d0</load_address>
         <readonly>true</readonly>
         <executable>true</executable>
         <run_address>0x32d0</run_address>
         <size>0x8</size>
         <alignment>0x4</alignment>
         <input_file_ref idref="fl-10f"/>
      </object_component>
      <object_component id="oc-da">
         <name>.text:abort</name>
         <load_address>0x32d8</load_address>
         <readonly>true</readonly>
         <executable>true</executable>
         <run_address>0x32d8</run_address>
         <size>0x6</size>
         <alignment>0x2</alignment>
         <input_file_ref idref="fl-3c"/>
      </object_component>
      <object_component id="oc-148">
         <name>.text.HOSTexit</name>
         <load_address>0x32de</load_address>
         <readonly>true</readonly>
         <executable>true</executable>
         <run_address>0x32de</run_address>
         <size>0x4</size>
         <alignment>0x2</alignment>
         <input_file_ref idref="fl-f0"/>
      </object_component>
      <object_component id="oc-2f">
         <name>.text.Reset_Handler</name>
         <load_address>0x32e2</load_address>
         <readonly>true</readonly>
         <executable>true</executable>
         <run_address>0x32e2</run_address>
         <size>0x4</size>
         <alignment>0x2</alignment>
         <input_file_ref idref="fl-4"/>
      </object_component>
      <object_component id="oc-72">
         <name>.text._system_pre_init</name>
         <load_address>0x32e6</load_address>
         <readonly>true</readonly>
         <executable>true</executable>
         <run_address>0x32e6</run_address>
         <size>0x4</size>
         <alignment>0x2</alignment>
         <input_file_ref idref="fl-35"/>
      </object_component>
      <object_component id="oc-25c">
         <name>.cinit..data.load</name>
         <load_address>0x34f0</load_address>
         <readonly>true</readonly>
         <run_address>0x34f0</run_address>
         <size>0xf</size>
         <alignment>0x1</alignment>
      </object_component>
      <object_component id="oc-25a">
         <name>__TI_handler_table</name>
         <load_address>0x3500</load_address>
         <readonly>true</readonly>
         <run_address>0x3500</run_address>
         <size>0xc</size>
         <alignment>0x4</alignment>
      </object_component>
      <object_component id="oc-25d">
         <name>.cinit..bss.load</name>
         <load_address>0x350c</load_address>
         <readonly>true</readonly>
         <run_address>0x350c</run_address>
         <size>0x8</size>
         <alignment>0x4</alignment>
      </object_component>
      <object_component id="oc-25b">
         <name>__TI_cinit_table</name>
         <load_address>0x3514</load_address>
         <readonly>true</readonly>
         <run_address>0x3514</run_address>
         <size>0x10</size>
         <alignment>0x4</alignment>
      </object_component>
      <object_component id="oc-1bd">
         <name>.rodata:__aeabi_ctype_table_</name>
         <load_address>0x32f0</load_address>
         <readonly>true</readonly>
         <run_address>0x32f0</run_address>
         <size>0x101</size>
         <alignment>0x10</alignment>
         <input_file_ref idref="fl-4d"/>
      </object_component>
      <object_component id="oc-d9">
         <name>.rodata.str1.11898133897667081452.1</name>
         <load_address>0x33f1</load_address>
         <readonly>true</readonly>
         <run_address>0x33f1</run_address>
         <size>0x3f</size>
         <alignment>0x1</alignment>
         <input_file_ref idref="fl-2"/>
      </object_component>
      <object_component id="oc-d3">
         <name>.rodata.str1.9517790425240694019.1</name>
         <load_address>0x3430</load_address>
         <readonly>true</readonly>
         <run_address>0x3430</run_address>
         <size>0x1a</size>
         <alignment>0x1</alignment>
         <input_file_ref idref="fl-2"/>
      </object_component>
      <object_component id="oc-d5">
         <name>.rodata.str1.14685083708502177989.1</name>
         <load_address>0x344a</load_address>
         <readonly>true</readonly>
         <run_address>0x344a</run_address>
         <size>0x17</size>
         <alignment>0x1</alignment>
         <input_file_ref idref="fl-2"/>
      </object_component>
      <object_component id="oc-d4">
         <name>.rodata.str1.254342170260855183.1</name>
         <load_address>0x3461</load_address>
         <readonly>true</readonly>
         <run_address>0x3461</run_address>
         <size>0x16</size>
         <alignment>0x1</alignment>
         <input_file_ref idref="fl-2"/>
      </object_component>
      <object_component id="oc-15b">
         <name>.rodata.gPID_TimerTimerConfig</name>
         <load_address>0x3478</load_address>
         <readonly>true</readonly>
         <run_address>0x3478</run_address>
         <size>0x14</size>
         <alignment>0x4</alignment>
         <input_file_ref idref="fl-3"/>
      </object_component>
      <object_component id="oc-1ad">
         <name>.rodata.str1.10348868589481759720.1</name>
         <load_address>0x348c</load_address>
         <readonly>true</readonly>
         <run_address>0x348c</run_address>
         <size>0x11</size>
         <alignment>0x1</alignment>
         <input_file_ref idref="fl-3a"/>
      </object_component>
      <object_component id="oc-199">
         <name>.rodata.str1.15363888844622738466.1</name>
         <load_address>0x349d</load_address>
         <readonly>true</readonly>
         <run_address>0x349d</run_address>
         <size>0x11</size>
         <alignment>0x1</alignment>
         <input_file_ref idref="fl-3a"/>
      </object_component>
      <object_component id="oc-15f">
         <name>.rodata.gDebug_UARTConfig</name>
         <load_address>0x34ae</load_address>
         <readonly>true</readonly>
         <run_address>0x34ae</run_address>
         <size>0xa</size>
         <alignment>0x2</alignment>
         <input_file_ref idref="fl-3"/>
      </object_component>
      <object_component id="oc-166">
         <name>.rodata.gGrayscale_ADCClockConfig</name>
         <load_address>0x34b8</load_address>
         <readonly>true</readonly>
         <run_address>0x34b8</run_address>
         <size>0x8</size>
         <alignment>0x4</alignment>
         <input_file_ref idref="fl-3"/>
      </object_component>
      <object_component id="oc-112">
         <name>.rodata.gMotorAPWMConfig</name>
         <load_address>0x34c0</load_address>
         <readonly>true</readonly>
         <run_address>0x34c0</run_address>
         <size>0x8</size>
         <alignment>0x4</alignment>
         <input_file_ref idref="fl-9"/>
      </object_component>
      <object_component id="oc-114">
         <name>.rodata.gMotorBPWMConfig</name>
         <load_address>0x34c8</load_address>
         <readonly>true</readonly>
         <run_address>0x34c8</run_address>
         <size>0x8</size>
         <alignment>0x4</alignment>
         <input_file_ref idref="fl-9"/>
      </object_component>
      <object_component id="oc-d6">
         <name>.rodata.str1.17669528882079347314.1</name>
         <load_address>0x34d0</load_address>
         <readonly>true</readonly>
         <run_address>0x34d0</run_address>
         <size>0x6</size>
         <alignment>0x1</alignment>
         <input_file_ref idref="fl-2"/>
      </object_component>
      <object_component id="oc-12a">
         <name>.rodata.str1.14679545761258526885.1</name>
         <load_address>0x34d6</load_address>
         <readonly>true</readonly>
         <run_address>0x34d6</run_address>
         <size>0x5</size>
         <alignment>0x1</alignment>
         <input_file_ref idref="fl-7"/>
      </object_component>
      <object_component id="oc-111">
         <name>.rodata.gMotorAClockConfig</name>
         <load_address>0x34db</load_address>
         <readonly>true</readonly>
         <run_address>0x34db</run_address>
         <size>0x3</size>
         <alignment>0x1</alignment>
         <input_file_ref idref="fl-9"/>
      </object_component>
      <object_component id="oc-113">
         <name>.rodata.gMotorBClockConfig</name>
         <load_address>0x34de</load_address>
         <readonly>true</readonly>
         <run_address>0x34de</run_address>
         <size>0x3</size>
         <alignment>0x1</alignment>
         <input_file_ref idref="fl-9"/>
      </object_component>
      <object_component id="oc-15a">
         <name>.rodata.gPID_TimerClockConfig</name>
         <load_address>0x34e1</load_address>
         <readonly>true</readonly>
         <run_address>0x34e1</run_address>
         <size>0x3</size>
         <alignment>0x1</alignment>
         <input_file_ref idref="fl-3"/>
      </object_component>
      <object_component id="oc-12b">
         <name>.rodata.str1.17888928155744814288.1</name>
         <load_address>0x34e4</load_address>
         <readonly>true</readonly>
         <run_address>0x34e4</run_address>
         <size>0x3</size>
         <alignment>0x1</alignment>
         <input_file_ref idref="fl-7"/>
      </object_component>
      <object_component id="oc-129">
         <name>.rodata.str1.3935519513719108639.1</name>
         <load_address>0x34e7</load_address>
         <readonly>true</readonly>
         <run_address>0x34e7</run_address>
         <size>0x3</size>
         <alignment>0x1</alignment>
         <input_file_ref idref="fl-7"/>
      </object_component>
      <object_component id="oc-12c">
         <name>.rodata.str1.9809578132110814694.1</name>
         <load_address>0x34ea</load_address>
         <readonly>true</readonly>
         <run_address>0x34ea</run_address>
         <size>0x3</size>
         <alignment>0x1</alignment>
         <input_file_ref idref="fl-7"/>
      </object_component>
      <object_component id="oc-15e">
         <name>.rodata.gDebug_UARTClockConfig</name>
         <load_address>0x34ed</load_address>
         <readonly>true</readonly>
         <run_address>0x34ed</run_address>
         <size>0x2</size>
         <alignment>0x1</alignment>
         <input_file_ref idref="fl-3"/>
      </object_component>
      <object_component id="oc-222">
         <name>.binit</name>
         <load_address>0x0</load_address>
         <readonly>true</readonly>
         <run_address>0x0</run_address>
         <size>0x0</size>
         <alignment>0x4</alignment>
      </object_component>
      <object_component id="oc-65">
         <name>.data.pid_update_flag</name>
         <load_address>0x202000a9</load_address>
         <readwrite>true</readwrite>
         <run_address>0x202000a9</run_address>
         <size>0x1</size>
         <alignment>0x1</alignment>
         <input_file_ref idref="fl-2"/>
      </object_component>
      <object_component id="oc-d7">
         <name>.data.debug_counter</name>
         <load_address>0x20200094</load_address>
         <readwrite>true</readwrite>
         <run_address>0x20200094</run_address>
         <size>0x4</size>
         <alignment>0x4</alignment>
         <input_file_ref idref="fl-2"/>
      </object_component>
      <object_component id="oc-133">
         <name>.data.grayscale_threshold</name>
         <load_address>0x20200084</load_address>
         <readwrite>true</readwrite>
         <run_address>0x20200084</run_address>
         <size>0x6</size>
         <alignment>0x2</alignment>
         <input_file_ref idref="fl-5"/>
      </object_component>
      <object_component id="oc-d8">
         <name>.data.grayscale_value</name>
         <load_address>0x2020008a</load_address>
         <readwrite>true</readwrite>
         <run_address>0x2020008a</run_address>
         <size>0x6</size>
         <alignment>0x2</alignment>
         <input_file_ref idref="fl-5"/>
      </object_component>
      <object_component id="oc-137">
         <name>.data.peak_direction</name>
         <load_address>0x202000a0</load_address>
         <readwrite>true</readwrite>
         <run_address>0x202000a0</run_address>
         <size>0x4</size>
         <alignment>0x4</alignment>
         <input_file_ref idref="fl-5"/>
      </object_component>
      <object_component id="oc-135">
         <name>.data.line_lost</name>
         <load_address>0x202000a8</load_address>
         <readwrite>true</readwrite>
         <run_address>0x202000a8</run_address>
         <size>0x1</size>
         <alignment>0x1</alignment>
         <input_file_ref idref="fl-5"/>
      </object_component>
      <object_component id="oc-134">
         <name>.data.recovery_hold</name>
         <load_address>0x202000aa</load_address>
         <readwrite>true</readwrite>
         <run_address>0x202000aa</run_address>
         <size>0x1</size>
         <alignment>0x1</alignment>
         <input_file_ref idref="fl-5"/>
      </object_component>
      <object_component id="oc-136">
         <name>.data.prev_error</name>
         <load_address>0x202000a4</load_address>
         <readwrite>true</readwrite>
         <run_address>0x202000a4</run_address>
         <size>0x4</size>
         <alignment>0x4</alignment>
         <input_file_ref idref="fl-5"/>
      </object_component>
      <object_component id="oc-61">
         <name>.data.encoder_left_count</name>
         <load_address>0x20200098</load_address>
         <readwrite>true</readwrite>
         <run_address>0x20200098</run_address>
         <size>0x4</size>
         <alignment>0x4</alignment>
         <input_file_ref idref="fl-8"/>
      </object_component>
      <object_component id="oc-62">
         <name>.data.encoder_right_count</name>
         <load_address>0x2020009c</load_address>
         <readwrite>true</readwrite>
         <run_address>0x2020009c</run_address>
         <size>0x4</size>
         <alignment>0x4</alignment>
         <input_file_ref idref="fl-8"/>
      </object_component>
      <object_component id="oc-1c4">
         <name>.data.__aeabi_errno</name>
         <load_address>0x20200090</load_address>
         <readwrite>true</readwrite>
         <run_address>0x20200090</run_address>
         <size>0x4</size>
         <alignment>0x4</alignment>
         <input_file_ref idref="fl-3b"/>
      </object_component>
      <object_component id="oc-d0">
         <name>.bss.line_pid</name>
         <uninitialized>true</uninitialized>
         <readwrite>true</readwrite>
         <run_address>0x2020002c</run_address>
         <size>0x2c</size>
         <alignment>0x4</alignment>
         <input_file_ref idref="fl-2"/>
      </object_component>
      <object_component id="oc-d1">
         <name>.bss.left_speed_pid</name>
         <uninitialized>true</uninitialized>
         <readwrite>true</readwrite>
         <run_address>0x20200000</run_address>
         <size>0x2c</size>
         <alignment>0x4</alignment>
         <input_file_ref idref="fl-2"/>
      </object_component>
      <object_component id="oc-d2">
         <name>.bss.right_speed_pid</name>
         <uninitialized>true</uninitialized>
         <readwrite>true</readwrite>
         <run_address>0x20200058</run_address>
         <size>0x2c</size>
         <alignment>0x4</alignment>
         <input_file_ref idref="fl-2"/>
      </object_component>
      <object_component id="oc-1a">
         <name>.stack</name>
         <uninitialized>true</uninitialized>
         <readwrite>true</readwrite>
         <run_address>0x20207e00</run_address>
         <size>0x4</size>
         <alignment>0x4</alignment>
         <input_file_ref idref="fl-32"/>
      </object_component>
      <object_component id="oc-25f">
         <name>.stack</name>
         <uninitialized>true</uninitialized>
         <readwrite>true</readwrite>
         <run_address>0x20207e00</run_address>
         <size>0x0</size>
         <alignment>0x8</alignment>
      </object_component>
      <object_component id="oc-aa">
         <name>.debug_loc</name>
         <load_address>0x0</load_address>
         <run_address>0x0</run_address>
         <size>0x74</size>
         <alignment>0x1</alignment>
         <input_file_ref idref="fl-1"/>
      </object_component>
      <object_component id="oc-68">
         <name>.debug_loc</name>
         <load_address>0x74</load_address>
         <run_address>0x74</run_address>
         <size>0x136</size>
         <alignment>0x1</alignment>
         <input_file_ref idref="fl-2"/>
      </object_component>
      <object_component id="oc-fd">
         <name>.debug_loc</name>
         <load_address>0x1aa</load_address>
         <run_address>0x1aa</run_address>
         <size>0x13a</size>
         <alignment>0x1</alignment>
         <input_file_ref idref="fl-3"/>
      </object_component>
      <object_component id="oc-b3">
         <name>.debug_loc</name>
         <load_address>0x2e4</load_address>
         <run_address>0x2e4</run_address>
         <size>0x421</size>
         <alignment>0x1</alignment>
         <input_file_ref idref="fl-5"/>
      </object_component>
      <object_component id="oc-a2">
         <name>.debug_loc</name>
         <load_address>0x705</load_address>
         <run_address>0x705</run_address>
         <size>0x9c</size>
         <alignment>0x1</alignment>
         <input_file_ref idref="fl-6"/>
      </object_component>
      <object_component id="oc-a8">
         <name>.debug_loc</name>
         <load_address>0x7a1</load_address>
         <run_address>0x7a1</run_address>
         <size>0x1d3</size>
         <alignment>0x1</alignment>
         <input_file_ref idref="fl-7"/>
      </object_component>
      <object_component id="oc-35">
         <name>.debug_loc</name>
         <load_address>0x974</load_address>
         <run_address>0x974</run_address>
         <size>0x135</size>
         <alignment>0x1</alignment>
         <input_file_ref idref="fl-8"/>
      </object_component>
      <object_component id="oc-93">
         <name>.debug_loc</name>
         <load_address>0xaa9</load_address>
         <run_address>0xaa9</run_address>
         <size>0x94f</size>
         <alignment>0x1</alignment>
         <input_file_ref idref="fl-9"/>
      </object_component>
      <object_component id="oc-163">
         <name>.debug_loc</name>
         <load_address>0x13f8</load_address>
         <run_address>0x13f8</run_address>
         <size>0xc7</size>
         <alignment>0x1</alignment>
         <input_file_ref idref="fl-17"/>
      </object_component>
      <object_component id="oc-169">
         <name>.debug_loc</name>
         <load_address>0x14bf</load_address>
         <run_address>0x14bf</run_address>
         <size>0x13</size>
         <alignment>0x1</alignment>
         <input_file_ref idref="fl-18"/>
      </object_component>
      <object_component id="oc-108">
         <name>.debug_loc</name>
         <load_address>0x14d2</load_address>
         <run_address>0x14d2</run_address>
         <size>0x1a68</size>
         <alignment>0x1</alignment>
         <input_file_ref idref="fl-19"/>
      </object_component>
      <object_component id="oc-11e">
         <name>.debug_loc</name>
         <load_address>0x2f3a</load_address>
         <run_address>0x2f3a</run_address>
         <size>0x7e4</size>
         <alignment>0x1</alignment>
         <input_file_ref idref="fl-1a"/>
      </object_component>
      <object_component id="oc-124">
         <name>.debug_loc</name>
         <load_address>0x371e</load_address>
         <run_address>0x371e</run_address>
         <size>0x193</size>
         <alignment>0x1</alignment>
         <input_file_ref idref="fl-31"/>
      </object_component>
      <object_component id="oc-45">
         <name>.debug_loc</name>
         <load_address>0x38b1</load_address>
         <run_address>0x38b1</run_address>
         <size>0xd8</size>
         <alignment>0x1</alignment>
         <input_file_ref idref="fl-32"/>
      </object_component>
      <object_component id="oc-e6">
         <name>.debug_loc</name>
         <load_address>0x3989</load_address>
         <run_address>0x3989</run_address>
         <size>0x424</size>
         <alignment>0x1</alignment>
         <input_file_ref idref="fl-34"/>
      </object_component>
      <object_component id="oc-55">
         <name>.debug_loc</name>
         <load_address>0x3dad</load_address>
         <run_address>0x3dad</run_address>
         <size>0x16c</size>
         <alignment>0x1</alignment>
         <input_file_ref idref="fl-37"/>
      </object_component>
      <object_component id="oc-50">
         <name>.debug_loc</name>
         <load_address>0x3f19</load_address>
         <run_address>0x3f19</run_address>
         <size>0x6f</size>
         <alignment>0x1</alignment>
         <input_file_ref idref="fl-38"/>
      </object_component>
      <object_component id="oc-48">
         <name>.debug_loc</name>
         <load_address>0x3f88</load_address>
         <run_address>0x3f88</run_address>
         <size>0x167</size>
         <alignment>0x1</alignment>
         <input_file_ref idref="fl-39"/>
      </object_component>
      <object_component id="oc-189">
         <name>.debug_loc</name>
         <load_address>0x40ef</load_address>
         <run_address>0x40ef</run_address>
         <size>0x32d8</size>
         <alignment>0x1</alignment>
         <input_file_ref idref="fl-3a"/>
      </object_component>
      <object_component id="oc-1c7">
         <name>.debug_loc</name>
[...]
         <value>0x3245</value>
         <object_component_ref idref="oc-b9"/>
      </symbol>
      <symbol id="sm-e0">
         <name>pid_calculate</name>
         <value>0x1f49</value>
         <object_component_ref idref="oc-ba"/>
      </symbol>
      <symbol id="sm-f4">
         <name>uart_debug_init</name>
         <value>0x3149</value>
         <object_component_ref idref="oc-9c"/>
      </symbol>
      <symbol id="sm-f5">
         <name>uart_debug_printf</name>
         <value>0xe09</value>
         <object_component_ref idref="oc-a7"/>
      </symbol>
      <symbol id="sm-109">
         <name>encoder_init</name>
         <value>0x3281</value>
         <object_component_ref idref="oc-9b"/>
      </symbol>
      <symbol id="sm-10a">
         <name>GROUP1_IRQHandler</name>
         <value>0x1c65</value>
         <object_component_ref idref="oc-34"/>
      </symbol>
      <symbol id="sm-10b">
         <name>encoder_left_count</name>
         <value>0x20200098</value>
         <object_component_ref idref="oc-61"/>
      </symbol>
      <symbol id="sm-10c">
         <name>encoder_right_count</name>
         <value>0x2020009c</value>
         <object_component_ref idref="oc-62"/>
      </symbol>
      <symbol id="sm-10d">
         <name>encoder_get_left_speed</name>
         <value>0x3225</value>
         <object_component_ref idref="oc-af"/>
      </symbol>
      <symbol id="sm-10e">
         <name>encoder_get_right_speed</name>
         <value>0x3235</value>
         <object_component_ref idref="oc-b0"/>
      </symbol>
      <symbol id="sm-124">
         <name>motor_init</name>
         <value>0x1939</value>
         <object_component_ref idref="oc-90"/>
      </symbol>
      <symbol id="sm-125">
         <name>motor_set_both</name>
         <value>0x2279</value>
         <object_component_ref idref="oc-cf"/>
      </symbol>
      <symbol id="sm-126">
         <name>__TI_ATRegion0_src_addr</name>
         <value>0x0</value>
      </symbol>
      <symbol id="sm-127">
         <name>__TI_ATRegion0_trg_addr</name>
         <value>0x0</value>
      </symbol>
      <symbol id="sm-128">
         <name>__TI_ATRegion0_region_sz</name>
         <value>0x0</value>
      </symbol>
      <symbol id="sm-129">
         <name>__TI_ATRegion1_src_addr</name>
         <value>0x0</value>
      </symbol>
      <symbol id="sm-12a">
         <name>__TI_ATRegion1_trg_addr</name>
         <value>0x0</value>
      </symbol>
      <symbol id="sm-12b">
         <name>__TI_ATRegion1_region_sz</name>
         <value>0x0</value>
      </symbol>
      <symbol id="sm-12c">
         <name>__TI_ATRegion2_src_addr</name>
         <value>0x0</value>
      </symbol>
      <symbol id="sm-12d">
         <name>__TI_ATRegion2_trg_addr</name>
         <value>0x0</value>
      </symbol>
      <symbol id="sm-12e">
         <name>__TI_ATRegion2_region_sz</name>
         <value>0x0</value>
      </symbol>
      <symbol id="sm-139">
         <name>DL_ADC12_setClockConfig</name>
         <value>0x2d39</value>
         <object_component_ref idref="oc-160"/>
      </symbol>
      <symbol id="sm-142">
         <name>DL_Common_delayCycles</name>
         <value>0x3299</value>
         <object_component_ref idref="oc-103"/>
      </symbol>
      <symbol id="sm-15e">
         <name>DL_Timer_setClockConfig</name>
         <value>0x30f5</value>
         <object_component_ref idref="oc-107"/>
      </symbol>
      <symbol id="sm-15f">
         <name>DL_Timer_initTimerMode</name>
         <value>0x1d69</value>
         <object_component_ref idref="oc-159"/>
      </symbol>
      <symbol id="sm-160">
         <name>DL_Timer_setCaptureCompareValue</name>
         <value>0x3215</value>
         <object_component_ref idref="oc-110"/>
      </symbol>
      <symbol id="sm-161">
         <name>DL_Timer_setCaptCompUpdateMethod</name>
         <value>0x30d9</value>
         <object_component_ref idref="oc-10f"/>
      </symbol>
      <symbol id="sm-162">
         <name>DL_Timer_setCaptureCompareOutCtl</name>
         <value>0x3181</value>
         <object_component_ref idref="oc-10e"/>
      </symbol>
      <symbol id="sm-163">
         <name>DL_Timer_initFourCCPWMMode</name>
         <value>0x1b61</value>
         <object_component_ref idref="oc-10d"/>
      </symbol>
      <symbol id="sm-173">
         <name>DL_UART_init</name>
         <value>0x2ca9</value>
         <object_component_ref idref="oc-15d"/>
      </symbol>
      <symbol id="sm-174">
         <name>DL_UART_setClockConfig</name>
         <value>0x31f1</value>
         <object_component_ref idref="oc-15c"/>
      </symbol>
      <symbol id="sm-175">
         <name>DL_UART_transmitDataBlocking</name>
         <value>0x2f5d</value>
         <object_component_ref idref="oc-11d"/>
      </symbol>
      <symbol id="sm-186">
         <name>snprintf</name>
         <value>0x2c11</value>
         <object_component_ref idref="oc-123"/>
      </symbol>
      <symbol id="sm-191">
         <name>_c_int00_noargs</name>
         <value>0x3049</value>
         <object_component_ref idref="oc-5a"/>
      </symbol>
      <symbol id="sm-192">
         <name>__stack</name>
         <value>0x20207e00</value>
         <object_component_ref idref="oc-1a"/>
      </symbol>
      <symbol id="sm-19e">
         <name>__TI_auto_init_nobinit_nopinit</name>
         <value>0x2e71</value>
         <object_component_ref idref="oc-e1"/>
      </symbol>
      <symbol id="sm-1a6">
         <name>_system_pre_init</name>
         <value>0x32e7</value>
         <object_component_ref idref="oc-72"/>
      </symbol>
      <symbol id="sm-1b1">
         <name>__TI_zero_init_nomemset</name>
         <value>0x31b1</value>
         <object_component_ref idref="oc-51"/>
      </symbol>
      <symbol id="sm-1ba">
         <name>__TI_decompress_none</name>
         <value>0x3203</value>
         <object_component_ref idref="oc-20"/>
      </symbol>
      <symbol id="sm-1c5">
         <name>__TI_decompress_lzss</name>
         <value>0x2559</value>
         <object_component_ref idref="oc-1c"/>
      </symbol>
      <symbol id="sm-20e">
         <name>__TI_printfi</name>
         <value>0xc1</value>
         <object_component_ref idref="oc-18f"/>
      </symbol>
      <symbol id="sm-219">
         <name>__aeabi_errno_addr</name>
         <value>0x32c9</value>
         <object_component_ref idref="oc-1a4"/>
      </symbol>
      <symbol id="sm-21a">
         <name>__aeabi_errno</name>
         <value>0x20200090</value>
         <object_component_ref idref="oc-1c4"/>
      </symbol>
      <symbol id="sm-224">
         <name>abort</name>
         <value>0x32d9</value>
         <object_component_ref idref="oc-da"/>
      </symbol>
      <symbol id="sm-22e">
         <name>__TI_ltoa</name>
         <value>0x29b9</value>
         <object_component_ref idref="oc-1da"/>
      </symbol>
      <symbol id="sm-23a">
         <name>atoi</name>
         <value>0x2db9</value>
         <object_component_ref idref="oc-19c"/>
      </symbol>
      <symbol id="sm-244">
         <name>memccpy</name>
         <value>0x3095</value>
         <object_component_ref idref="oc-195"/>
      </symbol>
      <symbol id="sm-24f">
         <name>frexp</name>
         <value>0x295d</value>
         <object_component_ref idref="oc-1ce"/>
      </symbol>
      <symbol id="sm-250">
         <name>frexpl</name>
         <value>0x295d</value>
         <object_component_ref idref="oc-1ce"/>
      </symbol>
      <symbol id="sm-25a">
         <name>scalbn</name>
         <value>0x2025</value>
         <object_component_ref idref="oc-1d2"/>
      </symbol>
      <symbol id="sm-25b">
         <name>ldexp</name>
         <value>0x2025</value>
         <object_component_ref idref="oc-1d2"/>
      </symbol>
      <symbol id="sm-25c">
         <name>scalbnl</name>
         <value>0x2025</value>
         <object_component_ref idref="oc-1d2"/>
      </symbol>
      <symbol id="sm-25d">
         <name>ldexpl</name>
         <value>0x2025</value>
         <object_component_ref idref="oc-1d2"/>
      </symbol>
      <symbol id="sm-266">
         <name>wcslen</name>
         <value>0x3255</value>
         <object_component_ref idref="oc-1a0"/>
      </symbol>
      <symbol id="sm-26c">
         <name>__aeabi_ctype_table_</name>
         <value>0x32f0</value>
         <object_component_ref idref="oc-1bd"/>
      </symbol>
      <symbol id="sm-26d">
         <name>__aeabi_ctype_table_C</name>
         <value>0x32f0</value>
         <object_component_ref idref="oc-1bd"/>
      </symbol>
      <symbol id="sm-278">
         <name>HOSTexit</name>
         <value>0x32df</value>
         <object_component_ref idref="oc-148"/>
      </symbol>
      <symbol id="sm-279">
         <name>C$$EXIT</name>
         <value>0x32de</value>
         <object_component_ref idref="oc-148"/>
      </symbol>
      <symbol id="sm-28e">
         <name>__aeabi_fadd</name>
         <value>0x2107</value>
         <object_component_ref idref="oc-bb"/>
      </symbol>
      <symbol id="sm-28f">
         <name>__addsf3</name>
         <value>0x2107</value>
         <object_component_ref idref="oc-bb"/>
      </symbol>
      <symbol id="sm-290">
         <name>__aeabi_fsub</name>
         <value>0x20fd</value>
         <object_component_ref idref="oc-bb"/>
      </symbol>
      <symbol id="sm-291">
         <name>__subsf3</name>
         <value>0x20fd</value>
         <object_component_ref idref="oc-bb"/>
      </symbol>
      <symbol id="sm-297">
         <name>__aeabi_dadd</name>
         <value>0x1437</value>
         <object_component_ref idref="oc-1f7"/>
      </symbol>
      <symbol id="sm-298">
         <name>__adddf3</name>
         <value>0x1437</value>
         <object_component_ref idref="oc-1f7"/>
      </symbol>
      <symbol id="sm-299">
         <name>__aeabi_dsub</name>
         <value>0x142d</value>
         <object_component_ref idref="oc-1f7"/>
      </symbol>
      <symbol id="sm-29a">
         <name>__subdf3</name>
         <value>0x142d</value>
         <object_component_ref idref="oc-1f7"/>
      </symbol>
      <symbol id="sm-2a3">
         <name>__aeabi_dmul</name>
         <value>0x1e65</value>
         <object_component_ref idref="oc-1e3"/>
      </symbol>
      <symbol id="sm-2a4">
         <name>__muldf3</name>
         <value>0x1e65</value>
         <object_component_ref idref="oc-1e3"/>
      </symbol>
      <symbol id="sm-2aa">
         <name>__muldsi3</name>
         <value>0x2ee9</value>
         <object_component_ref idref="oc-141"/>
      </symbol>
      <symbol id="sm-2b0">
         <name>__aeabi_fmul</name>
         <value>0x2449</value>
         <object_component_ref idref="oc-c3"/>
      </symbol>
      <symbol id="sm-2b1">
         <name>__mulsf3</name>
         <value>0x2449</value>
         <object_component_ref idref="oc-c3"/>
      </symbol>
      <symbol id="sm-2b7">
         <name>__aeabi_fdiv</name>
         <value>0x24d5</value>
         <object_component_ref idref="oc-bf"/>
      </symbol>
      <symbol id="sm-2b8">
         <name>__divsf3</name>
         <value>0x24d5</value>
         <object_component_ref idref="oc-bf"/>
      </symbol>
      <symbol id="sm-2be">
         <name>__aeabi_ddiv</name>
         <value>0x1a55</value>
         <object_component_ref idref="oc-1f3"/>
      </symbol>
      <symbol id="sm-2bf">
         <name>__divdf3</name>
         <value>0x1a55</value>
         <object_component_ref idref="oc-1f3"/>
      </symbol>
      <symbol id="sm-2c5">
         <name>__aeabi_d2iz</name>
         <value>0x2c5d</value>
         <object_component_ref idref="oc-1d6"/>
      </symbol>
      <symbol id="sm-2c6">
         <name>__fixdfsi</name>
         <value>0x2c5d</value>
         <object_component_ref idref="oc-1d6"/>
      </symbol>
      <symbol id="sm-2cc">
         <name>__aeabi_f2iz</name>
         <value>0x2f25</value>
         <object_component_ref idref="oc-cb"/>
      </symbol>
      <symbol id="sm-2cd">
         <name>__fixsfsi</name>
         <value>0x2f25</value>
         <object_component_ref idref="oc-cb"/>
      </symbol>
      <symbol id="sm-2d3">
         <name>__aeabi_i2d</name>
         <value>0x301d</value>
         <object_component_ref idref="oc-1de"/>
      </symbol>
      <symbol id="sm-2d4">
         <name>__floatsidf</name>
         <value>0x301d</value>
         <object_component_ref idref="oc-1de"/>
      </symbol>
      <symbol id="sm-2da">
         <name>__aeabi_i2f</name>
         <value>0x2df9</value>
         <object_component_ref idref="oc-c7"/>
      </symbol>
      <symbol id="sm-2db">
         <name>__floatsisf</name>
         <value>0x2df9</value>
         <object_component_ref idref="oc-c7"/>
      </symbol>
      <symbol id="sm-2e1">
         <name>__aeabi_lmul</name>
         <value>0x3071</value>
         <object_component_ref idref="oc-1a9"/>
      </symbol>
      <symbol id="sm-2e2">
         <name>__muldi3</name>
         <value>0x3071</value>
         <object_component_ref idref="oc-1a9"/>
      </symbol>
      <symbol id="sm-2e8">
         <name>__aeabi_dcmpeq</name>
         <value>0x2719</value>
         <object_component_ref idref="oc-1b3"/>
      </symbol>
      <symbol id="sm-2e9">
         <name>__aeabi_dcmplt</name>
         <value>0x272d</value>
         <object_component_ref idref="oc-1b3"/>
      </symbol>
      <symbol id="sm-2ea">
         <name>__aeabi_dcmple</name>
         <value>0x2741</value>
         <object_component_ref idref="oc-1b3"/>
      </symbol>
      <symbol id="sm-2eb">
         <name>__aeabi_dcmpge</name>
         <value>0x2755</value>
         <object_component_ref idref="oc-1b3"/>
      </symbol>
      <symbol id="sm-2ec">
         <name>__aeabi_dcmpgt</name>
         <value>0x2769</value>
         <object_component_ref idref="oc-1b3"/>
      </symbol>
      <symbol id="sm-2f2">
         <name>__aeabi_fcmpeq</name>
         <value>0x277d</value>
         <object_component_ref idref="oc-b5"/>
      </symbol>
      <symbol id="sm-2f3">
         <name>__aeabi_fcmplt</name>
         <value>0x2791</value>
         <object_component_ref idref="oc-b5"/>
      </symbol>
      <symbol id="sm-2f4">
         <name>__aeabi_fcmple</name>
         <value>0x27a5</value>
         <object_component_ref idref="oc-b5"/>
      </symbol>
      <symbol id="sm-2f5">
         <name>__aeabi_fcmpge</name>
         <value>0x27b9</value>
         <object_component_ref idref="oc-b5"/>
      </symbol>
      <symbol id="sm-2f6">
         <name>__aeabi_fcmpgt</name>
         <value>0x27cd</value>
         <object_component_ref idref="oc-b5"/>
      </symbol>
      <symbol id="sm-2fc">
         <name>__aeabi_idiv</name>
         <value>0x2b19</value>
         <object_component_ref idref="oc-20a"/>
      </symbol>
      <symbol id="sm-2fd">
         <name>__aeabi_idivmod</name>
         <value>0x2b19</value>
         <object_component_ref idref="oc-20a"/>
      </symbol>
      <symbol id="sm-303">
         <name>__aeabi_memcpy</name>
         <value>0x32d1</value>
         <object_component_ref idref="oc-4a"/>
      </symbol>
      <symbol id="sm-304">
         <name>__aeabi_memcpy4</name>
         <value>0x32d1</value>
         <object_component_ref idref="oc-4a"/>
      </symbol>
      <symbol id="sm-305">
         <name>__aeabi_memcpy8</name>
         <value>0x32d1</value>
         <object_component_ref idref="oc-4a"/>
      </symbol>
      <symbol id="sm-30c">
         <name>__aeabi_memset</name>
         <value>0x3265</value>
         <object_component_ref idref="oc-194"/>
      </symbol>
      <symbol id="sm-30d">
         <name>__aeabi_memset4</name>
         <value>0x3265</value>
         <object_component_ref idref="oc-194"/>
      </symbol>
      <symbol id="sm-30e">
         <name>__aeabi_memset8</name>
         <value>0x3265</value>
         <object_component_ref idref="oc-194"/>
      </symbol>
      <symbol id="sm-314">
         <name>__aeabi_uidiv</name>
         <value>0x2d79</value>
         <object_component_ref idref="oc-12d"/>
      </symbol>
      <symbol id="sm-315">
         <name>__aeabi_uidivmod</name>
         <value>0x2d79</value>
         <object_component_ref idref="oc-12d"/>
      </symbol>
      <symbol id="sm-31b">
         <name>__aeabi_uldivmod</name>
         <value>0x31c9</value>
         <object_component_ref idref="oc-1ae"/>
      </symbol>
      <symbol id="sm-324">
         <name>__eqsf2</name>
         <value>0x2ead</value>
         <object_component_ref idref="oc-138"/>
      </symbol>
      <symbol id="sm-325">
         <name>__lesf2</name>
         <value>0x2ead</value>
         <object_component_ref idref="oc-138"/>
      </symbol>
      <symbol id="sm-326">
         <name>__ltsf2</name>
         <value>0x2ead</value>
         <object_component_ref idref="oc-138"/>
      </symbol>
      <symbol id="sm-327">
         <name>__nesf2</name>
         <value>0x2ead</value>
         <object_component_ref idref="oc-138"/>
      </symbol>
      <symbol id="sm-328">
         <name>__cmpsf2</name>
         <value>0x2ead</value>
         <object_component_ref idref="oc-138"/>
      </symbol>
      <symbol id="sm-329">
         <name>__gtsf2</name>
         <value>0x2e35</value>
         <object_component_ref idref="oc-13d"/>
      </symbol>
      <symbol id="sm-32a">
         <name>__gesf2</name>
         <value>0x2e35</value>
         <object_component_ref idref="oc-13d"/>
      </symbol>
      <symbol id="sm-330">
         <name>__udivmoddi4</name>
         <value>0x21d5</value>
         <object_component_ref idref="oc-1c9"/>
      </symbol>
      <symbol id="sm-336">
         <name>__aeabi_llsl</name>
         <value>0x30b9</value>
         <object_component_ref idref="oc-1fe"/>
      </symbol>
      <symbol id="sm-337">
         <name>__ashldi3</name>
         <value>0x30b9</value>
         <object_component_ref idref="oc-1fe"/>
      </symbol>
      <symbol id="sm-345">
         <name>__ledf2</name>
         <value>0x2649</value>
         <object_component_ref idref="oc-1eb"/>
      </symbol>
      <symbol id="sm-346">
         <name>__gedf2</name>
         <value>0x25d5</value>
         <object_component_ref idref="oc-1f1"/>
      </symbol>
      <symbol id="sm-347">
         <name>__cmpdf2</name>
         <value>0x2649</value>
         <object_component_ref idref="oc-1eb"/>
      </symbol>
      <symbol id="sm-348">
         <name>__eqdf2</name>
         <value>0x2649</value>
         <object_component_ref idref="oc-1eb"/>
      </symbol>
      <symbol id="sm-349">
         <name>__ltdf2</name>
         <value>0x2649</value>
         <object_component_ref idref="oc-1eb"/>
      </symbol>
      <symbol id="sm-34a">
         <name>__nedf2</name>
         <value>0x2649</value>
         <object_component_ref idref="oc-1eb"/>
      </symbol>
      <symbol id="sm-34b">
         <name>__gtdf2</name>
         <value>0x25d5</value>
         <object_component_ref idref="oc-1f1"/>
      </symbol>
      <symbol id="sm-357">
         <name>__aeabi_idiv0</name>
         <value>0x2277</value>
         <object_component_ref idref="oc-173"/>
      </symbol>
      <symbol id="sm-358">
         <name>__aeabi_ldiv0</name>
         <value>0x23af</value>
         <object_component_ref idref="oc-1fd"/>
      </symbol>
      <symbol id="sm-372">
         <name>memcpy</name>
         <value>0x2315</value>
         <object_component_ref idref="oc-86"/>
      </symbol>
      <symbol id="sm-381">
         <name>memset</name>
         <value>0x27df</value>
         <object_component_ref idref="oc-f9"/>
      </symbol>
      <symbol id="sm-382">
         <name>__TI_static_base__</name>
         <value>0x0</value>
      </symbol>
      <symbol id="sm-386">
         <name>__mpu_init</name>
         <value>0x0</value>
      </symbol>
      <symbol id="sm-387">
         <name>_system_post_cinit</name>
         <value>0x0</value>
      </symbol>
   </symbol_table>
   <title>Link successful</title>
</link_info>
